2026-09-25T02:31:28.717191 [20260925T023120] calibration g0k0 shared a1 try0: valid
2026-09-25T02:31:34.863655 [20260925T023120] calibration g0k1 shared a1 try0: valid
2026-09-25T02:31:40.375815 [20260925T023120] calibration g0k2 shared a1 try0: valid
2026-09-25T02:31:47.977120 [20260925T023120] calibration g0k3 shared a1 try0: valid
2026-09-25T02:31:53.720935 [20260925T023120] calibration g1k0 shared a1 try0: valid
2026-09-25T02:31:59.746724 [20260925T023120] calibration g1k1 shared a1 try0: valid
2026-09-25T02:32:05.261598 [20260925T023120] calibration g1k2 shared a1 try0: invalid_schedule
2026-09-25T02:32:10.682094 [20260925T023120] calibration g1k3 shared a1 try0: valid
2026-09-25T02:32:17.058367 [20260925T023120] calibration g2k0 shared a1 try0: valid
2026-09-25T02:32:23.739673 [20260925T023120] calibration g2k1 shared a1 try0: valid
2026-09-25T02:32:35.934876 [20260925T023228] calibration g2k2 shared a1 try0: valid
2026-09-25T02:32:42.222983 [20260925T023228] calibration g2k3 shared a1 try0: valid
2026-09-25T02:32:49.522101 [20260925T023228] calibration g3k0 shared a1 try0: valid
2026-09-25T02:32:56.376838 [20260925T023228] calibration g3k1 shared a1 try0: invalid_schedule
2026-09-25T02:33:04.381769 [20260925T023228] calibration g3k2 shared a1 try0: valid
2026-09-25T02:33:10.389546 [20260925T023228] calibration g3k3 shared a1 try0: valid
2026-09-25T02:33:16.682382 [20260925T023228] calibration g4k0 shared a1 try0: valid
2026-09-25T02:33:22.772493 [20260925T023228] calibration g4k1 shared a1 try0: valid
2026-09-25T02:33:29.043955 [20260925T023228] calibration g4k2 shared a1 try0: valid
2026-09-25T02:33:35.377553 [20260925T023228] calibration g4k3 shared a1 try0: valid
2026-09-25T02:33:35.379390 [20260925T023228] calibration complete: chosen grid point [16, 4, 16] (eligible-failure rate 0.25)
2026-09-25T02:34:07.758338 [20260925T023355] instances written: 96 main at [16, 4, 16], 45 M4 at [18, 5, 18]
2026-09-25T02:34:19.943455 [20260925T023413] pilot a000 shared a1 try0: invalid_schedule
2026-09-25T02:34:30.866486 [20260925T023413] pilot a000 binary a2 try0: valid
2026-09-25T02:34:39.378070 [20260925T023413] pilot a000 diagnostic a2 try0: valid
2026-09-25T02:34:45.814556 [20260925T023413] pilot a001 shared a1 try0: valid
2026-09-25T02:34:52.698105 [20260925T023413] pilot a002 shared a1 try0: valid
2026-09-25T02:34:59.046166 [20260925T023413] pilot a003 shared a1 try0: valid
2026-09-25T02:35:05.606806 [20260925T023413] pilot a004 shared a1 try0: valid
2026-09-25T02:35:11.716589 [20260925T023413] pilot a005 shared a1 try0: valid
2026-09-25T02:35:11.718690 [20260925T023413] pilot: instance list exhausted; gates passed; full-run timeout 180s
2026-09-25T02:35:23.952355 [20260925T023517] M1 a006 shared a1 try0: valid
2026-09-25T02:35:30.303061 [20260925T023517] M1 a007 shared a1 try0: valid
2026-09-25T02:35:36.048480 [20260925T023517] M1 a008 shared a1 try0: valid
2026-09-25T02:35:42.747957 [20260925T023517] M1 a009 shared a1 try0: valid
2026-09-25T02:35:48.672688 [20260925T023517] M1 a010 shared a1 try0: valid
2026-09-25T02:35:56.239427 [20260925T023517] M1 a011 shared a1 try0: valid
2026-09-25T02:36:02.564007 [20260925T023517] M1 a012 shared a1 try0: valid
2026-09-25T02:36:09.039861 [20260925T023517] M1 a013 shared a1 try0: valid
2026-09-25T02:36:15.336472 [20260925T023517] M1 a014 shared a1 try0: valid
2026-09-25T02:36:21.707281 [20260925T023517] M1 a015 shared a1 try0: valid
2026-09-25T02:36:28.034308 [20260925T023517] M1 a016 shared a1 try0: valid
2026-09-25T02:36:35.461821 [20260925T023517] M1 a017 shared a1 try0: valid
2026-09-25T02:36:41.766667 [20260925T023517] M1 a018 shared a1 try0: valid
2026-09-25T02:36:49.085138 [20260925T023517] M1 a019 shared a1 try0: valid
2026-09-25T02:36:55.586568 [20260925T023517] M1 a020 shared a1 try0: valid
2026-09-25T02:37:01.955266 [20260925T023517] M1 a021 shared a1 try0: valid
2026-09-25T02:37:08.239504 [20260925T023517] M1 a022 shared a1 try0: valid
2026-09-25T02:37:14.836302 [20260925T023517] M1 a023 shared a1 try0: valid
2026-09-25T02:37:21.933425 [20260925T023517] M1 a024 shared a1 try0: valid
2026-09-25T02:37:28.297906 [20260925T023517] M1 a025 shared a1 try0: valid
