2026-09-25T07:53:16.775567 [20260925T075306] M3pilot_18x5x18 p18x5x18_000 m3_asp a1 try0: syntax_error
2026-09-25T07:53:28.906956 [20260925T075306] M3pilot_18x5x18 p18x5x18_000 m3_nl a1 try0: invalid_schedule
2026-09-25T07:53:35.993828 [20260925T075306] M3pilot_18x5x18 p18x5x18_000 m3_asp a2 try0: invalid_schedule
2026-09-25T07:53:51.616738 [20260925T075306] M3pilot_18x5x18 p18x5x18_000 m3_nl a2 try0: invalid_schedule
2026-09-25T07:53:58.947614 [20260925T075306] M3pilot_18x5x18 p18x5x18_000 m3_asp a3 try0: invalid_schedule
2026-09-25T07:54:11.581749 [20260925T075306] M3pilot_18x5x18 p18x5x18_000 m3_nl a3 try0: invalid_schedule
2026-09-25T07:54:24.839849 [20260925T075306] M3pilot_18x5x18 p18x5x18_001 m3_nl a1 try0: invalid_schedule
2026-09-25T07:54:34.816727 [20260925T075306] M3pilot_18x5x18 p18x5x18_001 m3_asp a1 try0: syntax_error
2026-09-25T07:54:47.515776 [20260925T075306] M3pilot_18x5x18 p18x5x18_001 m3_nl a2 try0: invalid_schedule
2026-09-25T07:54:57.967546 [20260925T075306] M3pilot_18x5x18 p18x5x18_001 m3_asp a2 try0: invalid_schedule
2026-09-25T07:55:07.977759 [20260925T075306] M3pilot_18x5x18 p18x5x18_001 m3_nl a3 try0: invalid_schedule
2026-09-25T07:55:16.225172 [20260925T075306] M3pilot_18x5x18 p18x5x18_001 m3_asp a3 try0: syntax_error
2026-09-25T07:55:27.304834 [20260925T075306] M3pilot_18x5x18 p18x5x18_002 m3_nl a1 try0: invalid_schedule
2026-09-25T07:55:33.715212 [20260925T075306] M3pilot_18x5x18 p18x5x18_002 m3_asp a1 try0: syntax_error
2026-09-25T07:55:43.648850 [20260925T075306] M3pilot_18x5x18 p18x5x18_002 m3_nl a2 try0: invalid_schedule
2026-09-25T07:55:49.067155 [20260925T075306] M3pilot_18x5x18 p18x5x18_002 m3_asp a2 try0: invalid_schedule
2026-09-25T07:56:02.141663 [20260925T075306] M3pilot_18x5x18 p18x5x18_002 m3_nl a3 try0: valid
2026-09-25T07:56:08.424295 [20260925T075306] M3pilot_18x5x18 p18x5x18_002 m3_asp a3 try0: valid
2026-09-25T07:56:20.306745 [20260925T075306] M3pilot_18x5x18 p18x5x18_003 m3_asp a1 try0: invalid_schedule
2026-09-25T07:56:31.230057 [20260925T075306] M3pilot_18x5x18 p18x5x18_003 m3_nl a1 try0: invalid_schedule
2026-09-25T07:56:37.312243 [20260925T075306] M3pilot_18x5x18 p18x5x18_003 m3_asp a2 try0: valid
2026-09-25T07:56:47.728689 [20260925T075306] M3pilot_18x5x18 p18x5x18_003 m3_nl a2 try0: invalid_schedule
2026-09-25T07:57:00.053316 [20260925T075306] M3pilot_18x5x18 p18x5x18_003 m3_nl a3 try0: invalid_schedule
2026-09-25T07:57:10.299658 [20260925T075306] M3pilot_18x5x18 p18x5x18_004 m3_nl a1 try0: invalid_schedule
2026-09-25T07:57:26.405394 [20260925T075306] M3pilot_18x5x18 p18x5x18_004 m3_asp a1 try0: invalid_schedule
2026-09-25T07:57:37.381450 [20260925T075306] M3pilot_18x5x18 p18x5x18_004 m3_nl a2 try0: invalid_schedule
2026-09-25T07:57:49.815160 [20260925T075306] M3pilot_18x5x18 p18x5x18_004 m3_asp a2 try0: invalid_schedule
2026-09-25T07:58:01.157281 [20260925T075306] M3pilot_18x5x18 p18x5x18_004 m3_nl a3 try0: invalid_schedule
2026-09-25T07:58:11.011852 [20260925T075306] M3pilot_18x5x18 p18x5x18_004 m3_asp a3 try0: invalid_schedule
