2026-09-25T07:53:16.775567 [20260925T075306] M3pilot_18x5x18 p18x5x18_000 m3_asp a1 try0: syntax_error
2026-09-25T07:53:28.906956 [20260925T075306] M3pilot_18x5x18 p18x5x18_000 m3_nl a1 try0: invalid_schedule
2026-09-25T07:53:35.993828 [20260925T075306] M3pilot_18x5x18 p18x5x18_000 m3_asp a2 try0: invalid_schedule
2026-09-25T07:53:51.616738 [20260925T075306] M3pilot_18x5x18 p18x5x18_000 m3_nl a2 try0: invalid_schedule
2026-09-25T07:53:58.947614 [20260925T075306] M3pilot_18x5x18 p18x5x18_000 m3_asp a3 try0: invalid_schedule
2026-09-25T07:54:11.581749 [20260925T075306] M3pilot_18x5x18 p18x5x18_000 m3_nl a3 try0: invalid_schedule
2026-09-25T07:54:24.839849 [20260925T075306] M3pilot_18x5x18 p18x5x18_001 m3_nl a1 try0: invalid_schedule
2026-09-25T07:54:34.816727 [20260925T075306] M3pilot_18x5x18 p18x5x18_001 m3_asp a1 try0: syntax_error
2026-09-25T07:54:47.515776 [20260925T075306] M3pilot_18x5x18 p18x5x18_001 m3_nl a2 try0: invalid_schedule
2026-09-25T07:54:57.967546 [20260925T075306] M3pilot_18x5x18 p18x5x18_001 m3_asp a2 try0: invalid_schedule
2026-09-25T07:55:07.977759 [20260925T075306] M3pilot_18x5x18 p18x5x18_001 m3_nl a3 try0: invalid_schedule
2026-09-25T07:55:16.225172 [20260925T075306] M3pilot_18x5x18 p18x5x18_001 m3_asp a3 try0: syntax_error
2026-09-25T07:55:27.304834 [20260925T075306] M3pilot_18x5x18 p18x5x18_002 m3_nl a1 try0: invalid_schedule
2026-09-25T07:55:33.715212 [20260925T075306] M3pilot_18x5x18 p18x5x18_002 m3_asp a1 try0: syntax_error
2026-09-25T07:55:43.648850 [20260925T075306] M3pilot_18x5x18 p18x5x18_002 m3_nl a2 try0: invalid_schedule
2026-09-25T07:55:49.067155 [20260925T075306] M3pilot_18x5x18 p18x5x18_002 m3_asp a2 try0: invalid_schedule
2026-09-25T07:56:02.141663 [20260925T075306] M3pilot_18x5x18 p18x5x18_002 m3_nl a3 try0: valid
2026-09-25T07:56:08.424295 [20260925T075306] M3pilot_18x5x18 p18x5x18_002 m3_asp a3 try0: valid
2026-09-25T07:56:20.306745 [20260925T075306] M3pilot_18x5x18 p18x5x18_003 m3_asp a1 try0: invalid_schedule
2026-09-25T07:56:31.230057 [20260925T075306] M3pilot_18x5x18 p18x5x18_003 m3_nl a1 try0: invalid_schedule
2026-09-25T07:56:37.312243 [20260925T075306] M3pilot_18x5x18 p18x5x18_003 m3_asp a2 try0: valid
2026-09-25T07:56:47.728689 [20260925T075306] M3pilot_18x5x18 p18x5x18_003 m3_nl a2 try0: invalid_schedule
2026-09-25T07:57:00.053316 [20260925T075306] M3pilot_18x5x18 p18x5x18_003 m3_nl a3 try0: invalid_schedule
2026-09-25T07:57:10.299658 [20260925T075306] M3pilot_18x5x18 p18x5x18_004 m3_nl a1 try0: invalid_schedule
2026-09-25T07:57:26.405394 [20260925T075306] M3pilot_18x5x18 p18x5x18_004 m3_asp a1 try0: invalid_schedule
2026-09-25T07:57:37.381450 [20260925T075306] M3pilot_18x5x18 p18x5x18_004 m3_nl a2 try0: invalid_schedule
2026-09-25T07:57:49.815160 [20260925T075306] M3pilot_18x5x18 p18x5x18_004 m3_asp a2 try0: invalid_schedule
2026-09-25T07:58:01.157281 [20260925T075306] M3pilot_18x5x18 p18x5x18_004 m3_nl a3 try0: invalid_schedule
2026-09-25T07:58:11.011852 [20260925T075306] M3pilot_18x5x18 p18x5x18_004 m3_asp a3 try0: invalid_schedule
2026-09-28T01:45:36.790987 [20260928T014529] M3pilot_18x5x18 p18x5x18_005 m3_asp a1 try0: valid
2026-09-28T01:45:50.976337 [20260928T014529] M3pilot_18x5x18 p18x5x18_005 m3_nl a1 try0: invalid_schedule
2026-09-28T01:46:06.386144 [20260928T014529] M3pilot_18x5x18 p18x5x18_005 m3_nl a2 try0: invalid_schedule
2026-09-28T01:46:17.101005 [20260928T014529] M3pilot_18x5x18 p18x5x18_005 m3_nl a3 try0: invalid_schedule
2026-09-28T01:46:29.193970 [20260928T014529] M3pilot_18x5x18 p18x5x18_006 m3_nl a1 try0: invalid_schedule
2026-09-28T01:46:35.906825 [20260928T014529] M3pilot_18x5x18 p18x5x18_006 m3_asp a1 try0: valid
2026-09-28T01:46:46.898432 [20260928T014529] M3pilot_18x5x18 p18x5x18_006 m3_nl a2 try0: invalid_schedule
2026-09-28T01:46:59.065648 [20260928T014529] M3pilot_18x5x18 p18x5x18_006 m3_nl a3 try0: invalid_schedule
2026-09-28T01:47:05.088621 [20260928T014529] M3pilot_18x5x18 p18x5x18_007 m3_asp a1 try0: valid
2026-09-28T01:47:16.430127 [20260928T014529] M3pilot_18x5x18 p18x5x18_007 m3_nl a1 try0: invalid_schedule
2026-09-28T01:47:29.043241 [20260928T014529] M3pilot_18x5x18 p18x5x18_007 m3_nl a2 try0: invalid_schedule
2026-09-28T01:47:41.841270 [20260928T014529] M3pilot_18x5x18 p18x5x18_007 m3_nl a3 try0: invalid_schedule
2026-09-28T01:47:48.905865 [20260928T014529] M3pilot_18x5x18 p18x5x18_008 m3_asp a1 try0: invalid_schedule
2026-09-28T01:47:58.788094 [20260928T014529] M3pilot_18x5x18 p18x5x18_008 m3_nl a1 try0: invalid_schedule
2026-09-28T01:48:05.111759 [20260928T014529] M3pilot_18x5x18 p18x5x18_008 m3_asp a2 try0: invalid_schedule
2026-09-28T01:48:16.964618 [20260928T014529] M3pilot_18x5x18 p18x5x18_008 m3_nl a2 try0: invalid_schedule
2026-09-28T01:48:24.301351 [20260928T014529] M3pilot_18x5x18 p18x5x18_008 m3_asp a3 try0: valid
2026-09-28T01:48:38.871563 [20260928T014529] M3pilot_18x5x18 p18x5x18_008 m3_nl a3 try0: invalid_schedule
2026-09-28T01:48:45.779364 [20260928T014529] M3pilot_18x5x18 p18x5x18_009 m3_asp a1 try0: syntax_error
2026-09-28T01:48:56.015084 [20260928T014529] M3pilot_18x5x18 p18x5x18_009 m3_nl a1 try0: invalid_schedule
2026-09-28T01:49:04.888637 [20260928T014529] M3pilot_18x5x18 p18x5x18_009 m3_asp a2 try0: valid
2026-09-28T01:49:20.599892 [20260928T014529] M3pilot_18x5x18 p18x5x18_009 m3_nl a2 try0: invalid_schedule
2026-09-28T01:49:31.945750 [20260928T014529] M3pilot_18x5x18 p18x5x18_009 m3_nl a3 try0: invalid_schedule
2026-09-28T01:49:39.614687 [20260928T014529] M3pilot_18x5x18 p18x5x18_010 m3_asp a1 try0: valid
2026-09-28T01:49:51.328117 [20260928T014529] M3pilot_18x5x18 p18x5x18_010 m3_nl a1 try0: invalid_schedule
2026-09-28T01:50:02.061635 [20260928T014529] M3pilot_18x5x18 p18x5x18_010 m3_nl a2 try0: invalid_schedule
2026-09-28T01:50:12.343305 [20260928T014529] M3pilot_18x5x18 p18x5x18_010 m3_nl a3 try0: invalid_schedule
2026-09-28T01:50:22.353597 [20260928T014529] M3pilot_18x5x18 p18x5x18_011 m3_nl a1 try0: invalid_schedule
2026-09-28T01:50:30.139764 [20260928T014529] M3pilot_18x5x18 p18x5x18_011 m3_asp a1 try0: syntax_error
2026-09-28T01:50:40.627334 [20260928T014529] M3pilot_18x5x18 p18x5x18_011 m3_nl a2 try0: invalid_schedule
2026-09-28T01:50:47.305910 [20260928T015040] M3pilot_18x5x18 p18x5x18_011 m3_asp a2 try0: valid
2026-09-28T01:50:57.724182 [20260928T015040] M3pilot_18x5x18 p18x5x18_011 m3_nl a3 try0: invalid_schedule
2026-09-28T01:50:57.747917 [20260928T015040] M3 floor rule: an arm solved 0/12 at attempt 1 at [18, 5, 18]; moving once to [16, 4, 16]
2026-09-28T01:51:14.418547 [20260928T015040] M3pilot_16x4x16 p16x4x16_000 m3_nl a1 try0: invalid_schedule
2026-09-28T01:51:20.731674 [20260928T015040] M3pilot_16x4x16 p16x4x16_000 m3_asp a1 try0: valid
2026-09-28T01:51:31.385950 [20260928T015040] M3pilot_16x4x16 p16x4x16_000 m3_nl a2 try0: invalid_schedule
2026-09-28T01:51:43.027221 [20260928T015040] M3pilot_16x4x16 p16x4x16_000 m3_nl a3 try0: invalid_schedule
2026-09-28T01:51:55.277497 [20260928T015040] M3pilot_16x4x16 p16x4x16_001 m3_nl a1 try0: invalid_schedule
2026-09-28T01:52:01.246260 [20260928T015040] M3pilot_16x4x16 p16x4x16_001 m3_asp a1 try0: unsat
2026-09-28T01:52:10.785726 [20260928T015040] M3pilot_16x4x16 p16x4x16_001 m3_nl a2 try0: valid
2026-09-28T01:52:17.080209 [20260928T015040] M3pilot_16x4x16 p16x4x16_001 m3_asp a2 try0: invalid_schedule
2026-09-28T01:52:23.636602 [20260928T015040] M3pilot_16x4x16 p16x4x16_001 m3_asp a3 try0: invalid_schedule
2026-09-28T01:52:34.386224 [20260928T015040] M3pilot_16x4x16 p16x4x16_002 m3_nl a1 try0: invalid_schedule
2026-09-28T01:52:41.705196 [20260928T015040] M3pilot_16x4x16 p16x4x16_002 m3_asp a1 try0: valid
2026-09-28T01:52:49.622786 [20260928T015040] M3pilot_16x4x16 p16x4x16_002 m3_nl a2 try0: invalid_schedule
2026-09-28T01:52:58.910949 [20260928T015040] M3pilot_16x4x16 p16x4x16_002 m3_nl a3 try0: valid
2026-09-28T01:53:07.001840 [20260928T015040] M3pilot_16x4x16 p16x4x16_003 m3_asp a1 try0: syntax_error
2026-09-28T01:53:19.722729 [20260928T015040] M3pilot_16x4x16 p16x4x16_003 m3_nl a1 try0: invalid_schedule
2026-09-28T01:53:26.401030 [20260928T015040] M3pilot_16x4x16 p16x4x16_003 m3_asp a2 try0: invalid_schedule
2026-09-28T01:53:34.572424 [20260928T015040] M3pilot_16x4x16 p16x4x16_003 m3_nl a2 try0: invalid_schedule
2026-09-28T01:53:41.236858 [20260928T015040] M3pilot_16x4x16 p16x4x16_003 m3_asp a3 try0: invalid_schedule
2026-09-28T01:53:50.300688 [20260928T015040] M3pilot_16x4x16 p16x4x16_003 m3_nl a3 try0: invalid_schedule
2026-09-28T01:53:56.849663 [20260928T015040] M3pilot_16x4x16 p16x4x16_004 m3_asp a1 try0: syntax_error
2026-09-28T01:54:06.038534 [20260928T015040] M3pilot_16x4x16 p16x4x16_004 m3_nl a1 try0: invalid_schedule
2026-09-28T01:54:11.906999 [20260928T015040] M3pilot_16x4x16 p16x4x16_004 m3_asp a2 try0: valid
2026-09-28T01:54:22.518740 [20260928T015040] M3pilot_16x4x16 p16x4x16_004 m3_nl a2 try0: invalid_schedule
2026-09-28T01:54:36.022056 [20260928T015040] M3pilot_16x4x16 p16x4x16_004 m3_nl a3 try0: invalid_schedule
2026-09-28T01:54:46.839939 [20260928T015040] M3pilot_16x4x16 p16x4x16_005 m3_nl a1 try0: invalid_schedule
2026-09-28T01:54:54.789771 [20260928T015040] M3pilot_16x4x16 p16x4x16_005 m3_asp a1 try0: invalid_schedule
2026-09-28T01:55:04.850594 [20260928T015040] M3pilot_16x4x16 p16x4x16_005 m3_nl a2 try0: invalid_schedule
2026-09-28T01:55:10.232673 [20260928T015040] M3pilot_16x4x16 p16x4x16_005 m3_asp a2 try0: valid
2026-09-28T01:55:19.964788 [20260928T015510] M3pilot_16x4x16 p16x4x16_005 m3_nl a3 try0: valid
2026-09-28T01:55:27.837332 [20260928T015510] M3pilot_16x4x16 p16x4x16_006 m3_asp a1 try0: invalid_schedule
2026-09-28T01:55:37.997056 [20260928T015510] M3pilot_16x4x16 p16x4x16_006 m3_nl a1 try0: invalid_schedule
2026-09-28T01:55:43.425305 [20260928T015510] M3pilot_16x4x16 p16x4x16_006 m3_asp a2 try0: invalid_schedule
2026-09-28T01:55:53.261690 [20260928T015510] M3pilot_16x4x16 p16x4x16_006 m3_nl a2 try0: invalid_schedule
2026-09-28T01:55:58.906087 [20260928T015510] M3pilot_16x4x16 p16x4x16_006 m3_asp a3 try0: invalid_schedule
2026-09-28T01:56:08.710324 [20260928T015510] M3pilot_16x4x16 p16x4x16_006 m3_nl a3 try0: invalid_schedule
2026-09-28T01:56:19.767451 [20260928T015510] M3pilot_16x4x16 p16x4x16_007 m3_nl a1 try0: invalid_schedule
2026-09-28T01:56:27.994210 [20260928T015510] M3pilot_16x4x16 p16x4x16_007 m3_asp a1 try0: invalid_schedule
2026-09-28T01:56:37.699506 [20260928T015510] M3pilot_16x4x16 p16x4x16_007 m3_nl a2 try0: invalid_schedule
2026-09-28T01:56:43.785151 [20260928T015510] M3pilot_16x4x16 p16x4x16_007 m3_asp a2 try0: invalid_schedule
2026-09-28T01:56:53.710736 [20260928T015510] M3pilot_16x4x16 p16x4x16_007 m3_nl a3 try0: invalid_schedule
2026-09-28T01:57:00.497444 [20260928T015510] M3pilot_16x4x16 p16x4x16_007 m3_asp a3 try0: valid
2026-09-28T01:57:12.681480 [20260928T015510] M3pilot_16x4x16 p16x4x16_008 m3_nl a1 try0: invalid_schedule
2026-09-28T01:57:19.398587 [20260928T015510] M3pilot_16x4x16 p16x4x16_008 m3_asp a1 try0: valid
2026-09-28T01:57:30.552646 [20260928T015510] M3pilot_16x4x16 p16x4x16_008 m3_nl a2 try0: invalid_schedule
2026-09-28T01:57:39.307780 [20260928T015510] M3pilot_16x4x16 p16x4x16_008 m3_nl a3 try0: valid
2026-09-28T01:57:46.559029 [20260928T015510] M3pilot_16x4x16 p16x4x16_009 m3_asp a1 try0: valid
2026-09-28T01:57:59.974931 [20260928T015510] M3pilot_16x4x16 p16x4x16_009 m3_nl a1 try0: valid
2026-09-28T01:58:07.685615 [20260928T015510] M3pilot_16x4x16 p16x4x16_010 m3_asp a1 try0: syntax_error
2026-09-28T01:58:16.928354 [20260928T015510] M3pilot_16x4x16 p16x4x16_010 m3_nl a1 try0: invalid_schedule
2026-09-28T01:58:23.438909 [20260928T015510] M3pilot_16x4x16 p16x4x16_010 m3_asp a2 try0: valid
2026-09-28T01:58:34.032004 [20260928T015510] M3pilot_16x4x16 p16x4x16_010 m3_nl a2 try0: valid
2026-09-28T01:58:45.373268 [20260928T015510] M3pilot_16x4x16 p16x4x16_011 m3_nl a1 try0: invalid_schedule
2026-09-28T01:58:53.647103 [20260928T015510] M3pilot_16x4x16 p16x4x16_011 m3_asp a1 try0: invalid_schedule
2026-09-28T01:59:01.434353 [20260928T015510] M3pilot_16x4x16 p16x4x16_011 m3_nl a2 try0: invalid_schedule
2026-09-28T01:59:07.520114 [20260928T015510] M3pilot_16x4x16 p16x4x16_011 m3_asp a2 try0: invalid_schedule
2026-09-28T01:59:17.962531 [20260928T015510] M3pilot_16x4x16 p16x4x16_011 m3_nl a3 try0: invalid_schedule
2026-09-28T01:59:23.746488 [20260928T015510] M3pilot_16x4x16 p16x4x16_011 m3_asp a3 try0: valid
2026-09-28T01:59:50.132841 [20260928T015510] M3 m3_000 m3_nl a1 try0: invalid_schedule
2026-09-28T01:59:57.857622 [20260928T015950] M3 m3_000 m3_asp a1 try0: valid
2026-09-28T02:00:07.095619 [20260928T015950] M3 m3_000 m3_nl a2 try0: valid
2026-09-28T02:00:14.929034 [20260928T015950] M3 m3_001 m3_asp a1 try0: syntax_error
2026-09-28T02:00:25.532276 [20260928T015950] M3 m3_001 m3_nl a1 try0: invalid_schedule
2026-09-28T02:00:30.958373 [20260928T015950] M3 m3_001 m3_asp a2 try0: syntax_error
2026-09-28T02:00:39.259755 [20260928T015950] M3 m3_001 m3_nl a2 try0: valid
2026-09-28T02:00:51.343241 [20260928T015950] M3 m3_001 m3_asp a3 try0: valid
2026-09-28T02:01:02.048920 [20260928T015950] M3 m3_002 m3_nl a1 try0: invalid_schedule
2026-09-28T02:01:10.606237 [20260928T015950] M3 m3_002 m3_asp a1 try0: valid
2026-09-28T02:01:20.514290 [20260928T015950] M3 m3_002 m3_nl a2 try0: invalid_schedule
2026-09-28T02:01:31.419253 [20260928T015950] M3 m3_002 m3_nl a3 try0: valid
2026-09-28T02:01:39.150160 [20260928T015950] M3 m3_003 m3_asp a1 try0: invalid_schedule
2026-09-28T02:01:54.049051 [20260928T015950] M3 m3_003 m3_nl a1 try0: invalid_schedule
2026-09-28T02:01:59.654021 [20260928T015950] M3 m3_003 m3_asp a2 try0: invalid_schedule
2026-09-28T02:02:09.366749 [20260928T015950] M3 m3_003 m3_nl a2 try0: valid
2026-09-28T02:02:15.429120 [20260928T015950] M3 m3_003 m3_asp a3 try0: valid
2026-09-28T02:02:23.167120 [20260928T015950] M3 m3_004 m3_asp a1 try0: syntax_error
2026-09-28T02:02:37.578079 [20260928T015950] M3 m3_004 m3_nl a1 try0: invalid_schedule
2026-09-28T02:02:44.207628 [20260928T015950] M3 m3_004 m3_asp a2 try0: syntax_error
2026-09-28T02:02:57.348661 [20260928T015950] M3 m3_004 m3_nl a2 try0: invalid_schedule
2026-09-28T02:03:03.677785 [20260928T015950] M3 m3_004 m3_asp a3 try0: syntax_error
2026-09-28T02:03:12.940119 [20260928T015950] M3 m3_004 m3_nl a3 try0: invalid_schedule
2026-09-28T02:03:19.391370 [20260928T015950] M3 m3_005 m3_asp a1 try0: valid
2026-09-28T02:03:28.552977 [20260928T015950] M3 m3_005 m3_nl a1 try0: invalid_schedule
2026-09-28T02:03:37.205643 [20260928T015950] M3 m3_005 m3_nl a2 try0: invalid_schedule
2026-09-28T02:03:46.170879 [20260928T015950] M3 m3_005 m3_nl a3 try0: invalid_schedule
2026-09-28T02:03:57.953849 [20260928T015950] M3 m3_006 m3_nl a1 try0: invalid_schedule
2026-09-28T02:04:04.706418 [20260928T015950] M3 m3_006 m3_asp a1 try0: invalid_schedule
2026-09-28T02:04:15.949162 [20260928T015950] M3 m3_006 m3_nl a2 try0: invalid_schedule
2026-09-28T02:04:22.978809 [20260928T015950] M3 m3_006 m3_asp a2 try0: invalid_schedule
2026-09-28T02:04:31.006286 [20260928T020423] M3 m3_006 m3_nl a3 try0: invalid_schedule
2026-09-28T02:04:37.060342 [20260928T020423] M3 m3_006 m3_asp a3 try0: invalid_schedule
2026-09-28T02:04:44.353292 [20260928T020423] M3 m3_007 m3_asp a1 try0: valid
2026-09-28T02:04:55.981173 [20260928T020423] M3 m3_007 m3_nl a1 try0: invalid_schedule
2026-09-28T02:05:05.971019 [20260928T020423] M3 m3_007 m3_nl a2 try0: invalid_schedule
2026-09-28T02:05:17.680252 [20260928T020423] M3 m3_007 m3_nl a3 try0: invalid_schedule
2026-09-28T02:05:25.104480 [20260928T020423] M3 m3_008 m3_asp a1 try0: syntax_error
2026-09-28T02:05:37.275507 [20260928T020423] M3 m3_008 m3_nl a1 try0: invalid_schedule
2026-09-28T02:05:43.825497 [20260928T020423] M3 m3_008 m3_asp a2 try0: valid
2026-09-28T02:05:52.845630 [20260928T020423] M3 m3_008 m3_nl a2 try0: invalid_schedule
2026-09-28T02:06:04.231836 [20260928T020423] M3 m3_008 m3_nl a3 try0: valid
2026-09-28T02:06:13.063520 [20260928T020423] M3 m3_009 m3_asp a1 try0: syntax_error
2026-09-28T02:06:25.816422 [20260928T020423] M3 m3_009 m3_nl a1 try0: invalid_schedule
2026-09-28T02:06:32.589700 [20260928T020423] M3 m3_009 m3_asp a2 try0: valid
2026-09-28T02:06:44.670781 [20260928T020423] M3 m3_009 m3_nl a2 try0: invalid_schedule
2026-09-28T02:06:53.681741 [20260928T020423] M3 m3_009 m3_nl a3 try0: invalid_schedule
2026-09-28T02:07:01.206159 [20260928T020423] M3 m3_010 m3_asp a1 try0: syntax_error
2026-09-28T02:07:11.312629 [20260928T020423] M3 m3_010 m3_nl a1 try0: valid
2026-09-28T02:07:17.664924 [20260928T020423] M3 m3_010 m3_asp a2 try0: valid
2026-09-28T02:07:24.081647 [20260928T020423] M3 m3_011 m3_asp a1 try0: invalid_schedule
2026-09-28T02:07:35.324661 [20260928T020423] M3 m3_011 m3_nl a1 try0: invalid_schedule
2026-09-28T02:07:41.703443 [20260928T020423] M3 m3_011 m3_asp a2 try0: valid
2026-09-28T02:07:54.139596 [20260928T020423] M3 m3_011 m3_nl a2 try0: invalid_schedule
2026-09-28T02:08:06.475436 [20260928T020423] M3 m3_011 m3_nl a3 try0: invalid_schedule
2026-09-28T02:08:14.170080 [20260928T020423] M3 m3_012 m3_asp a1 try0: syntax_error
2026-09-28T02:08:25.763229 [20260928T020423] M3 m3_012 m3_nl a1 try0: invalid_schedule
2026-09-28T02:08:32.228590 [20260928T020423] M3 m3_012 m3_asp a2 try0: invalid_schedule
2026-09-28T02:08:42.997094 [20260928T020423] M3 m3_012 m3_nl a2 try0: invalid_schedule
2026-09-28T02:08:49.238289 [20260928T020423] M3 m3_012 m3_asp a3 try0: valid
2026-09-28T02:09:00.160246 [20260928T020423] M3 m3_012 m3_nl a3 try0: invalid_schedule
2026-09-28T02:09:13.157152 [20260928T020900] M3 m3_013 m3_nl a1 try0: invalid_schedule
2026-09-28T02:09:19.551134 [20260928T020900] M3 m3_013 m3_asp a1 try0: valid
2026-09-28T02:09:32.488514 [20260928T020900] M3 m3_013 m3_nl a2 try0: invalid_schedule
2026-09-28T02:09:45.823099 [20260928T020900] M3 m3_013 m3_nl a3 try0: invalid_schedule
2026-09-28T02:09:57.255657 [20260928T020900] M3 m3_014 m3_nl a1 try0: invalid_schedule
2026-09-28T02:10:03.503712 [20260928T020900] M3 m3_014 m3_asp a1 try0: valid
2026-09-28T02:10:16.728441 [20260928T020900] M3 m3_014 m3_nl a2 try0: invalid_schedule
2026-09-28T02:10:30.288938 [20260928T020900] M3 m3_014 m3_nl a3 try0: invalid_schedule
2026-09-28T02:10:41.312531 [20260928T020900] M3 m3_015 m3_nl a1 try0: valid
2026-09-28T02:10:48.231042 [20260928T020900] M3 m3_015 m3_asp a1 try0: valid
2026-09-28T02:10:58.380508 [20260928T020900] M3 m3_016 m3_nl a1 try0: invalid_schedule
2026-09-28T02:11:06.101406 [20260928T020900] M3 m3_016 m3_asp a1 try0: invalid_schedule
2026-09-28T02:11:14.679492 [20260928T020900] M3 m3_016 m3_nl a2 try0: valid
2026-09-28T02:11:21.406037 [20260928T020900] M3 m3_016 m3_asp a2 try0: invalid_schedule
2026-09-28T02:11:27.834366 [20260928T020900] M3 m3_016 m3_asp a3 try0: syntax_error
2026-09-28T02:11:39.012467 [20260928T020900] M3 m3_017 m3_nl a1 try0: invalid_schedule
2026-09-28T02:11:47.418501 [20260928T020900] M3 m3_017 m3_asp a1 try0: invalid_schedule
2026-09-28T02:11:59.176181 [20260928T020900] M3 m3_017 m3_nl a2 try0: invalid_schedule
2026-09-28T02:12:06.577723 [20260928T020900] M3 m3_017 m3_asp a2 try0: invalid_schedule
2026-09-28T02:12:18.235961 [20260928T020900] M3 m3_017 m3_nl a3 try0: invalid_schedule
2026-09-28T02:12:25.197108 [20260928T020900] M3 m3_017 m3_asp a3 try0: invalid_schedule
2026-09-28T02:12:31.705584 [20260928T020900] M3 m3_018 m3_asp a1 try0: invalid_schedule
2026-09-28T02:12:44.560553 [20260928T020900] M3 m3_018 m3_nl a1 try0: invalid_schedule
2026-09-28T02:12:50.961041 [20260928T020900] M3 m3_018 m3_asp a2 try0: valid
2026-09-28T02:13:02.416250 [20260928T020900] M3 m3_018 m3_nl a2 try0: valid
2026-09-28T02:13:08.814441 [20260928T020900] M3 m3_019 m3_asp a1 try0: valid
2026-09-28T02:13:20.876895 [20260928T020900] M3 m3_019 m3_nl a1 try0: invalid_schedule
2026-09-28T02:13:33.898085 [20260928T020900] M3 m3_019 m3_nl a2 try0: invalid_schedule
2026-09-28T02:13:41.877763 [20260928T020900] M3 m3_019 m3_nl a3 try0: valid
2026-09-28T02:13:57.178049 [20260928T020900] M3 m3_020 m3_nl a1 try0: invalid_schedule
2026-09-28T02:14:05.074012 [20260928T021357] M3 m3_020 m3_asp a1 try0: valid
2026-09-28T02:14:17.699920 [20260928T021357] M3 m3_020 m3_nl a2 try0: invalid_schedule
2026-09-28T02:14:32.051824 [20260928T021357] M3 m3_020 m3_nl a3 try0: invalid_schedule
2026-09-28T02:14:39.481153 [20260928T021357] M3 m3_021 m3_asp a1 try0: valid
2026-09-28T02:14:51.625464 [20260928T021357] M3 m3_021 m3_nl a1 try0: invalid_schedule
2026-09-28T02:15:05.842722 [20260928T021357] M3 m3_021 m3_nl a2 try0: invalid_schedule
2026-09-28T02:15:16.479349 [20260928T021357] M3 m3_021 m3_nl a3 try0: invalid_schedule
2026-09-28T02:15:30.739180 [20260928T021357] M3 m3_022 m3_nl a1 try0: invalid_schedule
2026-09-28T02:15:37.800075 [20260928T021357] M3 m3_022 m3_asp a1 try0: invalid_schedule
2026-09-28T02:15:51.052364 [20260928T021357] M3 m3_022 m3_nl a2 try0: invalid_schedule
2026-09-28T02:15:56.605554 [20260928T021357] M3 m3_022 m3_asp a2 try0: valid
2026-09-28T02:16:11.537124 [20260928T021357] M3 m3_022 m3_nl a3 try0: invalid_schedule
2026-09-28T02:16:35.815657 [20260928T021357] M3 m3_023 m3_asp a1 try0: invalid_schedule
2026-09-28T02:16:47.050750 [20260928T021357] M3 m3_023 m3_nl a1 try0: invalid_schedule
2026-09-28T02:16:52.746830 [20260928T021357] M3 m3_023 m3_asp a2 try0: invalid_schedule
2026-09-28T02:17:05.824286 [20260928T021357] M3 m3_023 m3_nl a2 try0: invalid_schedule
2026-09-28T02:17:13.108703 [20260928T021357] M3 m3_023 m3_asp a3 try0: syntax_error
2026-09-28T02:17:22.561678 [20260928T021357] M3 m3_023 m3_nl a3 try0: invalid_schedule
2026-09-28T02:17:35.080606 [20260928T021357] M3 m3_024 m3_nl a1 try0: invalid_schedule
2026-09-28T02:17:41.474798 [20260928T021357] M3 m3_024 m3_asp a1 try0: valid
2026-09-28T02:17:52.303978 [20260928T021357] M3 m3_024 m3_nl a2 try0: invalid_schedule
2026-09-28T02:18:01.996383 [20260928T021357] M3 m3_024 m3_nl a3 try0: invalid_schedule
2026-09-28T02:18:11.147052 [20260928T021357] M3 m3_025 m3_asp a1 try0: valid
2026-09-28T02:18:23.314136 [20260928T021357] M3 m3_025 m3_nl a1 try0: invalid_schedule
2026-09-28T02:18:35.680129 [20260928T021357] M3 m3_025 m3_nl a2 try0: invalid_schedule
2026-09-28T02:18:46.312849 [20260928T021357] M3 m3_025 m3_nl a3 try0: invalid_schedule
2026-09-28T02:18:58.759801 [20260928T021357] M3 m3_026 m3_nl a1 try0: invalid_schedule
2026-09-28T02:19:06.121756 [20260928T021357] M3 m3_026 m3_asp a1 try0: valid
2026-09-28T02:19:17.964529 [20260928T021357] M3 m3_026 m3_nl a2 try0: invalid_schedule
2026-09-28T02:19:27.563830 [20260928T021357] M3 m3_026 m3_nl a3 try0: invalid_schedule
2026-09-28T02:19:36.498993 [20260928T021927] M3 m3_027 m3_asp a1 try0: invalid_schedule
2026-09-28T02:19:48.185370 [20260928T021927] M3 m3_027 m3_nl a1 try0: invalid_schedule
2026-09-28T02:19:56.986303 [20260928T021927] M3 m3_027 m3_asp a2 try0: invalid_schedule
2026-09-28T02:20:08.114936 [20260928T021927] M3 m3_027 m3_nl a2 try0: invalid_schedule
2026-09-28T02:20:14.259075 [20260928T021927] M3 m3_027 m3_asp a3 try0: invalid_schedule
2026-09-28T02:20:23.985493 [20260928T021927] M3 m3_027 m3_nl a3 try0: valid
2026-09-28T02:20:38.221442 [20260928T021927] M3 m3_028 m3_nl a1 try0: invalid_schedule
2026-09-28T02:20:46.372176 [20260928T021927] M3 m3_028 m3_asp a1 try0: valid
2026-09-28T02:20:55.000772 [20260928T021927] M3 m3_028 m3_nl a2 try0: invalid_schedule
2026-09-28T02:21:08.481717 [20260928T021927] M3 m3_028 m3_nl a3 try0: invalid_schedule
2026-09-28T02:21:16.231324 [20260928T021927] M3 m3_029 m3_asp a1 try0: syntax_error
2026-09-28T02:21:28.282691 [20260928T021927] M3 m3_029 m3_nl a1 try0: invalid_schedule
2026-09-28T02:21:33.527536 [20260928T021927] M3 m3_029 m3_asp a2 try0: valid
2026-09-28T02:21:47.550509 [20260928T021927] M3 m3_029 m3_nl a2 try0: invalid_schedule
2026-09-28T02:21:57.743467 [20260928T021927] M3 m3_029 m3_nl a3 try0: invalid_schedule
2026-09-28T02:22:11.167319 [20260928T021927] M3 m3_030 m3_nl a1 try0: invalid_schedule
2026-09-28T02:22:19.088426 [20260928T021927] M3 m3_030 m3_asp a1 try0: valid
2026-09-28T02:22:29.295150 [20260928T021927] M3 m3_030 m3_nl a2 try0: invalid_schedule
2026-09-28T02:22:41.471332 [20260928T021927] M3 m3_030 m3_nl a3 try0: invalid_schedule
2026-09-28T02:22:58.839841 [20260928T021927] M3 m3_031 m3_asp a1 try0: valid
2026-09-28T02:23:28.031141 [20260928T021927] M3 m3_031 m3_nl a1 try0: invalid_schedule
2026-09-28T02:23:47.695067 [20260928T021927] M3 m3_031 m3_nl a2 try0: invalid_schedule
2026-09-28T02:23:58.843285 [20260928T021927] M3 m3_031 m3_nl a3 try0: invalid_schedule
2026-09-28T02:24:32.041815 [20260928T021927] M3 m3_032 m3_nl a1 try0: invalid_schedule
2026-09-28T02:24:39.451993 [20260928T021927] M3 m3_032 m3_asp a1 try0: syntax_error
2026-09-28T02:24:55.180609 [20260928T021927] M3 m3_032 m3_nl a2 try0: invalid_schedule
2026-09-28T02:25:00.700660 [20260928T021927] M3 m3_032 m3_asp a2 try0: valid
2026-09-28T02:25:11.994437 [20260928T021927] M3 m3_032 m3_nl a3 try0: invalid_schedule
2026-09-28T02:25:23.259195 [20260928T021927] M3 m3_033 m3_nl a1 try0: invalid_schedule
2026-09-28T02:25:31.312566 [20260928T021927] M3 m3_033 m3_asp a1 try0: valid
2026-09-28T02:25:41.479232 [20260928T022531] M3 m3_033 m3_nl a2 try0: invalid_schedule
2026-09-28T02:25:49.351023 [20260928T022531] M3 m3_033 m3_nl a3 try0: invalid_schedule
2026-09-28T02:26:02.985005 [20260928T022531] M3 m3_034 m3_nl a1 try0: invalid_schedule
2026-09-28T02:26:10.134810 [20260928T022531] M3 m3_034 m3_asp a1 try0: valid
2026-09-28T02:26:20.635976 [20260928T022531] M3 m3_034 m3_nl a2 try0: invalid_schedule
2026-09-28T02:26:31.633453 [20260928T022531] M3 m3_034 m3_nl a3 try0: invalid_schedule
2026-09-28T02:26:38.982730 [20260928T022531] M3 m3_035 m3_asp a1 try0: invalid_schedule
2026-09-28T02:26:50.785817 [20260928T022531] M3 m3_035 m3_nl a1 try0: valid
2026-09-28T02:26:56.246875 [20260928T022531] M3 m3_035 m3_asp a2 try0: invalid_schedule
2026-09-28T02:27:03.945945 [20260928T022531] M3 m3_035 m3_asp a3 try0: valid
2026-09-28T02:27:14.682351 [20260928T022531] M3 m3_036 m3_asp a1 try0: invalid_schedule
2026-09-28T02:27:26.501111 [20260928T022531] M3 m3_036 m3_nl a1 try0: invalid_schedule
2026-09-28T02:27:34.096850 [20260928T022531] M3 m3_036 m3_asp a2 try0: invalid_schedule
2026-09-28T02:27:47.697736 [20260928T022531] M3 m3_036 m3_nl a2 try0: invalid_schedule
2026-09-28T02:27:53.749503 [20260928T022531] M3 m3_036 m3_asp a3 try0: valid
2026-09-28T02:28:04.314129 [20260928T022531] M3 m3_036 m3_nl a3 try0: invalid_schedule
2026-09-28T02:28:12.796358 [20260928T022531] M3 m3_037 m3_asp a1 try0: syntax_error
2026-09-28T02:28:28.071796 [20260928T022531] M3 m3_037 m3_nl a1 try0: invalid_schedule
2026-09-28T02:28:34.057694 [20260928T022531] M3 m3_037 m3_asp a2 try0: valid
2026-09-28T02:28:45.425203 [20260928T022531] M3 m3_037 m3_nl a2 try0: invalid_schedule
2026-09-28T02:29:00.119706 [20260928T022531] M3 m3_037 m3_nl a3 try0: invalid_schedule
2026-09-28T02:29:12.591185 [20260928T022531] M3 m3_038 m3_nl a1 try0: invalid_schedule
2026-09-28T02:29:19.361622 [20260928T022531] M3 m3_038 m3_asp a1 try0: syntax_error
2026-09-28T02:29:27.936553 [20260928T022531] M3 m3_038 m3_nl a2 try0: invalid_schedule
2026-09-28T02:29:34.753351 [20260928T022531] M3 m3_038 m3_asp a2 try0: invalid_schedule
2026-09-28T02:29:47.387089 [20260928T022531] M3 m3_038 m3_nl a3 try0: invalid_schedule
2026-09-28T02:29:53.992297 [20260928T022531] M3 m3_038 m3_asp a3 try0: syntax_error
2026-09-28T02:30:03.337680 [20260928T022531] M3 m3_039 m3_asp a1 try0: invalid_schedule
2026-09-28T02:30:13.530007 [20260928T022531] M3 m3_039 m3_nl a1 try0: invalid_schedule
2026-09-28T02:30:20.071999 [20260928T022531] M3 m3_039 m3_asp a2 try0: invalid_schedule
2026-09-28T02:30:30.862759 [20260928T023020] M3 m3_039 m3_nl a2 try0: invalid_schedule
2026-09-28T02:30:38.396566 [20260928T023020] M3 m3_039 m3_asp a3 try0: valid
2026-09-28T02:30:46.397501 [20260928T023020] M3 m3_039 m3_nl a3 try0: invalid_schedule
2026-09-28T02:30:54.831895 [20260928T023020] M3 m3_040 m3_asp a1 try0: syntax_error
2026-09-28T02:31:08.979420 [20260928T023020] M3 m3_040 m3_nl a1 try0: invalid_schedule
2026-09-28T02:31:18.400512 [20260928T023020] M3 m3_040 m3_asp a2 try0: valid
2026-09-28T02:31:31.593483 [20260928T023020] M3 m3_040 m3_nl a2 try0: invalid_schedule
2026-09-28T02:31:42.046101 [20260928T023020] M3 m3_040 m3_nl a3 try0: invalid_schedule
2026-09-28T02:31:53.942267 [20260928T023020] M3 m3_041 m3_nl a1 try0: invalid_schedule
2026-09-28T02:32:02.441380 [20260928T023020] M3 m3_041 m3_asp a1 try0: valid
2026-09-28T02:32:14.470834 [20260928T023020] M3 m3_041 m3_nl a2 try0: invalid_schedule
2026-09-28T02:32:26.486716 [20260928T023020] M3 m3_041 m3_nl a3 try0: invalid_schedule
2026-09-28T02:32:40.426930 [20260928T023020] M3 m3_042 m3_nl a1 try0: invalid_schedule
2026-09-28T02:32:47.971232 [20260928T023020] M3 m3_042 m3_asp a1 try0: valid
2026-09-28T02:32:57.832250 [20260928T023020] M3 m3_042 m3_nl a2 try0: valid
2026-09-28T02:33:11.326384 [20260928T023020] M3 m3_043 m3_nl a1 try0: invalid_schedule
2026-09-28T02:33:20.800293 [20260928T023020] M3 m3_043 m3_asp a1 try0: invalid_schedule
2026-09-28T02:33:36.245167 [20260928T023020] M3 m3_043 m3_nl a2 try0: invalid_schedule
2026-09-28T02:33:42.828793 [20260928T023020] M3 m3_043 m3_asp a2 try0: syntax_error
2026-09-28T02:33:54.769083 [20260928T023020] M3 m3_043 m3_nl a3 try0: invalid_schedule
2026-09-28T02:33:59.950419 [20260928T023020] M3 m3_043 m3_asp a3 try0: syntax_error
2026-09-28T02:34:07.636712 [20260928T023020] M3 m3_044 m3_asp a1 try0: syntax_error
2026-09-28T02:34:19.071052 [20260928T023020] M3 m3_044 m3_nl a1 try0: invalid_schedule
2026-09-28T02:34:34.441989 [20260928T023020] M3 m3_044 m3_asp a2 try0: syntax_error
2026-09-28T02:34:48.168491 [20260928T023020] M3 m3_044 m3_nl a2 try0: invalid_schedule
2026-09-28T02:34:55.809821 [20260928T023020] M3 m3_044 m3_asp a3 try0: valid
2026-09-28T02:35:06.497650 [20260928T023020] M3 m3_044 m3_nl a3 try0: invalid_schedule
2026-09-28T02:35:15.527042 [20260928T023020] M3 m3_045 m3_nl a1 try0: invalid_schedule
2026-09-28T02:35:26.297145 [20260928T023020] M3 m3_045 m3_asp a1 try0: invalid_schedule
2026-09-28T02:35:37.633724 [20260928T023020] M3 m3_045 m3_nl a2 try0: invalid_schedule
2026-09-28T02:35:45.364767 [20260928T023537] M3 m3_045 m3_asp a2 try0: invalid_schedule
2026-09-28T02:35:58.272048 [20260928T023537] M3 m3_045 m3_nl a3 try0: invalid_schedule
2026-09-28T02:36:08.659055 [20260928T023537] M3 m3_045 m3_asp a3 try0: invalid_schedule
2026-09-28T02:36:19.732153 [20260928T023537] M3 m3_046 m3_nl a1 try0: invalid_schedule
2026-09-28T02:36:26.775126 [20260928T023537] M3 m3_046 m3_asp a1 try0: valid
2026-09-28T02:36:40.049666 [20260928T023537] M3 m3_046 m3_nl a2 try0: invalid_schedule
2026-09-28T02:36:54.642077 [20260928T023537] M3 m3_046 m3_nl a3 try0: invalid_schedule
2026-09-28T02:37:04.491873 [20260928T023537] M3 m3_047 m3_nl a1 try0: invalid_schedule
2026-09-28T02:37:15.381235 [20260928T023537] M3 m3_047 m3_asp a1 try0: valid
2026-09-28T02:37:25.873792 [20260928T023537] M3 m3_047 m3_nl a2 try0: invalid_schedule
2026-09-28T02:37:38.003681 [20260928T023537] M3 m3_047 m3_nl a3 try0: invalid_schedule
2026-09-28T02:37:48.701913 [20260928T023537] M3 m3_048 m3_nl a1 try0: invalid_schedule
2026-09-28T02:37:57.834856 [20260928T023537] M3 m3_048 m3_asp a1 try0: invalid_schedule
2026-09-28T02:38:10.116042 [20260928T023537] M3 m3_048 m3_nl a2 try0: invalid_schedule
2026-09-28T02:38:16.849201 [20260928T023537] M3 m3_048 m3_asp a2 try0: invalid_schedule
2026-09-28T02:38:31.740559 [20260928T023537] M3 m3_048 m3_nl a3 try0: invalid_schedule
2026-09-28T02:38:41.074725 [20260928T023537] M3 m3_048 m3_asp a3 try0: invalid_schedule
2026-09-28T02:38:50.296733 [20260928T023537] M3 m3_049 m3_asp a1 try0: syntax_error
2026-09-28T02:39:02.293070 [20260928T023537] M3 m3_049 m3_nl a1 try0: invalid_schedule
2026-09-28T02:39:09.692588 [20260928T023537] M3 m3_049 m3_asp a2 try0: valid
2026-09-28T02:39:20.901775 [20260928T023537] M3 m3_049 m3_nl a2 try0: invalid_schedule
2026-09-28T02:39:31.434910 [20260928T023537] M3 m3_049 m3_nl a3 try0: invalid_schedule
2026-09-28T02:39:37.877627 [20260928T023537] M3 m3_050 m3_asp a1 try0: valid
2026-09-28T02:39:51.860855 [20260928T023537] M3 m3_050 m3_nl a1 try0: invalid_schedule
2026-09-28T02:40:02.570337 [20260928T023537] M3 m3_050 m3_nl a2 try0: invalid_schedule
2026-09-28T02:40:17.179810 [20260928T023537] M3 m3_050 m3_nl a3 try0: invalid_schedule
2026-09-28T02:40:33.387262 [20260928T023537] M3 m3_051 m3_nl a1 try0: invalid_schedule
2026-09-28T02:40:40.862417 [20260928T023537] M3 m3_051 m3_asp a1 try0: invalid_schedule
2026-09-28T02:40:49.956635 [20260928T023537] M3 m3_051 m3_nl a2 try0: valid
2026-09-28T02:40:57.006325 [20260928T023537] M3 m3_051 m3_asp a2 try0: valid
2026-09-28T02:41:05.348051 [20260928T024057] M3 m3_052 m3_asp a1 try0: valid
2026-09-28T02:41:20.331742 [20260928T024057] M3 m3_052 m3_nl a1 try0: invalid_schedule
2026-09-28T02:41:30.319862 [20260928T024057] M3 m3_052 m3_nl a2 try0: invalid_schedule
2026-09-28T02:41:38.905167 [20260928T024057] M3 m3_052 m3_nl a3 try0: invalid_schedule
2026-09-28T02:41:45.817320 [20260928T024057] M3 m3_053 m3_asp a1 try0: valid
2026-09-28T02:41:58.086250 [20260928T024057] M3 m3_053 m3_nl a1 try0: invalid_schedule
2026-09-28T02:42:12.008971 [20260928T024057] M3 m3_053 m3_nl a2 try0: invalid_schedule
2026-09-28T02:42:21.115678 [20260928T024057] M3 m3_053 m3_nl a3 try0: invalid_schedule
2026-09-28T02:42:30.883344 [20260928T024057] M3 m3_054 m3_asp a1 try0: invalid_schedule
2026-09-28T02:42:45.295053 [20260928T024057] M3 m3_054 m3_nl a1 try0: invalid_schedule
2026-09-28T02:42:52.943695 [20260928T024057] M3 m3_054 m3_asp a2 try0: invalid_schedule
2026-09-28T02:43:03.520811 [20260928T024057] M3 m3_054 m3_nl a2 try0: invalid_schedule
2026-09-28T02:43:16.837343 [20260928T024057] M3 m3_054 m3_asp a3 try0: invalid_schedule
2026-09-28T02:43:30.826008 [20260928T024057] M3 m3_054 m3_nl a3 try0: invalid_schedule
2026-09-28T02:43:43.650958 [20260928T024057] M3 m3_055 m3_nl a1 try0: invalid_schedule
2026-09-28T02:43:52.399032 [20260928T024057] M3 m3_055 m3_asp a1 try0: syntax_error
2026-09-28T02:44:07.297805 [20260928T024057] M3 m3_055 m3_nl a2 try0: invalid_schedule
2026-09-28T02:44:14.383618 [20260928T024057] M3 m3_055 m3_asp a2 try0: valid
2026-09-28T02:44:28.338978 [20260928T024057] M3 m3_055 m3_nl a3 try0: invalid_schedule
2026-09-28T02:44:34.944741 [20260928T024057] M3 m3_056 m3_asp a1 try0: syntax_error
2026-09-28T02:44:49.835806 [20260928T024057] M3 m3_056 m3_nl a1 try0: invalid_schedule
2026-09-28T02:44:54.821669 [20260928T024057] M3 m3_056 m3_asp a2 try0: syntax_error
2026-09-28T02:45:05.496455 [20260928T024057] M3 m3_056 m3_nl a2 try0: invalid_schedule
2026-09-28T02:45:11.138412 [20260928T024057] M3 m3_056 m3_asp a3 try0: valid
2026-09-28T02:45:22.580129 [20260928T024057] M3 m3_056 m3_nl a3 try0: invalid_schedule
2026-09-28T02:45:36.799997 [20260928T024057] M3 m3_057 m3_nl a1 try0: invalid_schedule
2026-09-28T02:45:46.574112 [20260928T024057] M3 m3_057 m3_asp a1 try0: valid
2026-09-28T02:45:58.972950 [20260928T024057] M3 m3_057 m3_nl a2 try0: invalid_schedule
2026-09-28T02:46:11.499549 [20260928T024057] M3 m3_057 m3_nl a3 try0: invalid_schedule
2026-09-28T02:46:19.267194 [20260928T024057] M3 m3_058 m3_asp a1 try0: valid
2026-09-28T02:46:35.060591 [20260928T024619] M3 m3_058 m3_nl a1 try0: invalid_schedule
2026-09-28T02:46:43.186372 [20260928T024619] M3 m3_058 m3_nl a2 try0: invalid_schedule
2026-09-28T02:46:56.002086 [20260928T024619] M3 m3_058 m3_nl a3 try0: invalid_schedule
2026-09-28T02:47:09.452214 [20260928T024619] M3 m3_059 m3_nl a1 try0: invalid_schedule
2026-09-28T02:47:16.178945 [20260928T024619] M3 m3_059 m3_asp a1 try0: invalid_schedule
2026-09-28T02:47:25.522611 [20260928T024619] M3 m3_059 m3_nl a2 try0: invalid_schedule
2026-09-28T02:47:33.178758 [20260928T024619] M3 m3_059 m3_asp a2 try0: valid
2026-09-28T02:47:45.205298 [20260928T024619] M3 m3_059 m3_nl a3 try0: invalid_schedule
2026-09-28T02:47:53.772062 [20260928T024619] M3 m3_060 m3_asp a1 try0: invalid_schedule
2026-09-28T02:48:07.809649 [20260928T024619] M3 m3_060 m3_nl a1 try0: invalid_schedule
2026-09-28T02:48:15.095507 [20260928T024619] M3 m3_060 m3_asp a2 try0: invalid_schedule
2026-09-28T02:48:26.154426 [20260928T024619] M3 m3_060 m3_nl a2 try0: invalid_schedule
2026-09-28T02:48:32.314633 [20260928T024619] M3 m3_060 m3_asp a3 try0: invalid_schedule
2026-09-28T02:48:44.290833 [20260928T024619] M3 m3_060 m3_nl a3 try0: invalid_schedule
2026-09-28T02:48:52.273812 [20260928T024619] M3 m3_061 m3_asp a1 try0: valid
2026-09-28T02:49:04.940360 [20260928T024619] M3 m3_061 m3_nl a1 try0: invalid_schedule
2026-09-28T02:49:16.237439 [20260928T024619] M3 m3_061 m3_nl a2 try0: invalid_schedule
2026-09-28T02:49:28.943972 [20260928T024619] M3 m3_061 m3_nl a3 try0: invalid_schedule
2026-09-28T02:49:42.539284 [20260928T024619] M3 m3_062 m3_nl a1 try0: invalid_schedule
2026-09-28T02:49:51.078275 [20260928T024619] M3 m3_062 m3_asp a1 try0: invalid_schedule
2026-09-28T02:50:01.840211 [20260928T024619] M3 m3_062 m3_nl a2 try0: invalid_schedule
2026-09-28T02:50:09.830625 [20260928T024619] M3 m3_062 m3_asp a2 try0: invalid_schedule
2026-09-28T02:50:19.167052 [20260928T024619] M3 m3_062 m3_nl a3 try0: invalid_schedule
2026-09-28T02:50:25.511449 [20260928T024619] M3 m3_062 m3_asp a3 try0: valid
2026-09-28T02:50:36.531676 [20260928T024619] M3 m3_063 m3_nl a1 try0: invalid_schedule
2026-09-28T02:50:43.540173 [20260928T024619] M3 m3_063 m3_asp a1 try0: syntax_error
2026-09-28T02:50:56.410870 [20260928T024619] M3 m3_063 m3_nl a2 try0: valid
2026-09-28T02:51:03.970913 [20260928T024619] M3 m3_063 m3_asp a2 try0: valid
2026-09-28T02:51:17.429612 [20260928T024619] M3 m3_064 m3_nl a1 try0: invalid_schedule
2026-09-28T02:51:34.160981 [20260928T024619] M3 m3_064 m3_asp a1 try0: invalid_schedule
2026-09-28T02:51:44.372611 [20260928T025134] M3 m3_064 m3_nl a2 try0: invalid_schedule
2026-09-28T02:51:55.697430 [20260928T025134] M3 m3_064 m3_asp a2 try0: valid
2026-09-28T02:52:07.744569 [20260928T025134] M3 m3_064 m3_nl a3 try0: invalid_schedule
2026-09-28T02:52:17.502654 [20260928T025134] M3 m3_065 m3_nl a1 try0: invalid_schedule
2026-09-28T02:52:25.051590 [20260928T025134] M3 m3_065 m3_asp a1 try0: valid
2026-09-28T02:52:37.030218 [20260928T025134] M3 m3_065 m3_nl a2 try0: valid
2026-09-28T02:52:50.497816 [20260928T025134] M3 m3_066 m3_nl a1 try0: invalid_schedule
2026-09-28T02:52:57.479450 [20260928T025134] M3 m3_066 m3_asp a1 try0: valid
2026-09-28T02:53:08.074199 [20260928T025134] M3 m3_066 m3_nl a2 try0: invalid_schedule
2026-09-28T02:53:18.206953 [20260928T025134] M3 m3_066 m3_nl a3 try0: invalid_schedule
2026-09-28T02:53:25.231422 [20260928T025134] M3 m3_067 m3_asp a1 try0: valid
2026-09-28T02:53:42.021784 [20260928T025134] M3 m3_067 m3_nl a1 try0: invalid_schedule
2026-09-28T02:53:54.471880 [20260928T025134] M3 m3_067 m3_nl a2 try0: invalid_schedule
2026-09-28T02:54:05.877008 [20260928T025134] M3 m3_067 m3_nl a3 try0: invalid_schedule
2026-09-28T02:54:20.637483 [20260928T025134] M3 m3_068 m3_nl a1 try0: invalid_schedule
2026-09-28T02:54:27.053201 [20260928T025134] M3 m3_068 m3_asp a1 try0: syntax_error
2026-09-28T02:54:36.815804 [20260928T025134] M3 m3_068 m3_nl a2 try0: invalid_schedule
2026-09-28T02:54:42.486043 [20260928T025134] M3 m3_068 m3_asp a2 try0: invalid_schedule
2026-09-28T02:54:56.403853 [20260928T025134] M3 m3_068 m3_nl a3 try0: invalid_schedule
2026-09-28T02:55:02.391629 [20260928T025134] M3 m3_068 m3_asp a3 try0: valid
2026-09-28T02:55:09.474335 [20260928T025134] M3 m3_069 m3_asp a1 try0: invalid_schedule
2026-09-28T02:55:20.018114 [20260928T025134] M3 m3_069 m3_nl a1 try0: invalid_schedule
2026-09-28T02:55:27.149977 [20260928T025134] M3 m3_069 m3_asp a2 try0: valid
2026-09-28T02:55:35.960169 [20260928T025134] M3 m3_069 m3_nl a2 try0: invalid_schedule
2026-09-28T02:55:48.439712 [20260928T025134] M3 m3_069 m3_nl a3 try0: invalid_schedule
2026-09-28T02:55:56.525452 [20260928T025134] M3 m3_070 m3_asp a1 try0: syntax_error
2026-09-28T02:56:10.609548 [20260928T025134] M3 m3_070 m3_nl a1 try0: invalid_schedule
2026-09-28T02:56:19.956050 [20260928T025134] M3 m3_070 m3_asp a2 try0: valid
2026-09-28T02:56:32.032209 [20260928T025134] M3 m3_070 m3_nl a2 try0: invalid_schedule
2026-09-28T02:56:48.761228 [20260928T025134] M3 m3_070 m3_nl a3 try0: invalid_schedule
2026-09-28T02:56:56.864023 [20260928T025649] M3 m3_071 m3_asp a1 try0: valid
2026-09-28T02:57:07.718110 [20260928T025649] M3 m3_071 m3_nl a1 try0: invalid_schedule
2026-09-28T02:57:16.327731 [20260928T025649] M3 m3_071 m3_nl a2 try0: invalid_schedule
2026-09-28T02:57:27.089381 [20260928T025649] M3 m3_071 m3_nl a3 try0: invalid_schedule
2026-09-28T02:57:33.934014 [20260928T025649] M3 m3_072 m3_asp a1 try0: valid
2026-09-28T02:57:47.326359 [20260928T025649] M3 m3_072 m3_nl a1 try0: invalid_schedule
2026-09-28T02:57:54.909669 [20260928T025649] M3 m3_072 m3_nl a2 try0: invalid_schedule
2026-09-28T02:58:03.057768 [20260928T025649] M3 m3_072 m3_nl a3 try0: invalid_schedule
2026-09-28T02:58:10.170965 [20260928T025649] M3 m3_073 m3_asp a1 try0: invalid_schedule
2026-09-28T02:58:22.988272 [20260928T025649] M3 m3_073 m3_nl a1 try0: invalid_schedule
2026-09-28T02:58:32.726090 [20260928T025649] M3 m3_073 m3_asp a2 try0: invalid_schedule
2026-09-28T02:58:42.725593 [20260928T025649] M3 m3_073 m3_nl a2 try0: invalid_schedule
2026-09-28T02:58:50.801033 [20260928T025649] M3 m3_073 m3_asp a3 try0: invalid_schedule
2026-09-28T02:59:04.489807 [20260928T025649] M3 m3_073 m3_nl a3 try0: invalid_schedule
2026-09-28T02:59:14.610027 [20260928T025649] M3 m3_074 m3_nl a1 try0: invalid_schedule
2026-09-28T02:59:21.649048 [20260928T025649] M3 m3_074 m3_asp a1 try0: invalid_schedule
2026-09-28T02:59:35.057583 [20260928T025649] M3 m3_074 m3_nl a2 try0: invalid_schedule
2026-09-28T02:59:42.562718 [20260928T025649] M3 m3_074 m3_asp a2 try0: valid
2026-09-28T02:59:52.656357 [20260928T025649] M3 m3_074 m3_nl a3 try0: invalid_schedule
2026-09-28T03:00:06.409621 [20260928T025649] M3 m3_075 m3_nl a1 try0: invalid_schedule
2026-09-28T03:00:13.292831 [20260928T025649] M3 m3_075 m3_asp a1 try0: valid
2026-09-28T03:00:22.476239 [20260928T025649] M3 m3_075 m3_nl a2 try0: invalid_schedule
2026-09-28T03:00:33.365802 [20260928T025649] M3 m3_075 m3_nl a3 try0: invalid_schedule
2026-09-28T03:00:46.303965 [20260928T025649] M3 m3_076 m3_nl a1 try0: invalid_schedule
2026-09-28T03:00:53.193128 [20260928T025649] M3 m3_076 m3_asp a1 try0: valid
2026-09-28T03:01:05.686111 [20260928T025649] M3 m3_076 m3_nl a2 try0: invalid_schedule
2026-09-28T03:01:24.002115 [20260928T025649] M3 m3_076 m3_nl a3 try0: invalid_schedule
2026-09-28T03:01:35.698856 [20260928T025649] M3 m3_077 m3_nl a1 try0: invalid_schedule
2026-09-28T03:01:43.718176 [20260928T025649] M3 m3_077 m3_asp a1 try0: valid
2026-09-28T03:01:52.348255 [20260928T025649] M3 m3_077 m3_nl a2 try0: invalid_schedule
2026-09-28T03:02:04.333705 [20260928T030152] M3 m3_077 m3_nl a3 try0: invalid_schedule
2026-09-28T03:02:13.169664 [20260928T030152] M3 m3_078 m3_asp a1 try0: valid
2026-09-28T03:02:29.645604 [20260928T030152] M3 m3_078 m3_nl a1 try0: valid
2026-09-28T03:02:42.489542 [20260928T030152] M3 m3_079 m3_nl a1 try0: invalid_schedule
2026-09-28T03:02:50.421311 [20260928T030152] M3 m3_079 m3_asp a1 try0: valid
2026-09-28T03:03:00.484064 [20260928T030152] M3 m3_079 m3_nl a2 try0: valid
2026-09-28T03:03:16.221518 [20260928T030152] M3 m3_080 m3_nl a1 try0: invalid_schedule
2026-09-28T03:03:26.347315 [20260928T030152] M3 m3_080 m3_asp a1 try0: syntax_error
2026-09-28T03:03:37.256220 [20260928T030152] M3 m3_080 m3_nl a2 try0: invalid_schedule
2026-09-28T03:03:47.303474 [20260928T030152] M3 m3_080 m3_asp a2 try0: invalid_schedule
2026-09-28T03:03:58.322277 [20260928T030152] M3 m3_080 m3_nl a3 try0: invalid_schedule
2026-09-28T03:04:05.101651 [20260928T030152] M3 m3_080 m3_asp a3 try0: valid
2026-09-28T03:04:12.481003 [20260928T030152] M3 m3_081 m3_asp a1 try0: valid
2026-09-28T03:04:25.159632 [20260928T030152] M3 m3_081 m3_nl a1 try0: invalid_schedule
2026-09-28T03:04:39.231990 [20260928T030152] M3 m3_081 m3_nl a2 try0: invalid_schedule
2026-09-28T03:04:52.539939 [20260928T030152] M3 m3_081 m3_nl a3 try0: invalid_schedule
2026-09-28T03:05:07.968033 [20260928T030152] M3 m3_082 m3_nl a1 try0: invalid_schedule
2026-09-28T03:05:24.150735 [20260928T030152] M3 m3_082 m3_asp a1 try0: valid
2026-09-28T03:05:39.317575 [20260928T030152] M3 m3_082 m3_nl a2 try0: invalid_schedule
2026-09-28T03:05:50.645763 [20260928T030152] M3 m3_082 m3_nl a3 try0: invalid_schedule
2026-09-28T03:06:09.526368 [20260928T030152] M3 m3_083 m3_nl a1 try0: invalid_schedule
2026-09-28T03:06:34.203566 [20260928T030152] M3 m3_083 m3_asp a1 try0: syntax_error
2026-09-28T03:06:48.851959 [20260928T030152] M3 m3_083 m3_nl a2 try0: invalid_schedule
2026-09-28T03:06:57.164501 [20260928T030152] M3 m3_083 m3_asp a2 try0: invalid_schedule
2026-09-28T03:07:08.095117 [20260928T030152] M3 m3_083 m3_nl a3 try0: invalid_schedule
2026-09-28T03:07:16.148061 [20260928T030152] M3 m3_083 m3_asp a3 try0: syntax_error
2026-09-28T03:07:24.608325 [20260928T030152] M3 m3_084 m3_asp a1 try0: invalid_schedule
2026-09-28T03:08:14.651396 [20260928T030152] M3 m3_084 m3_nl a1 try0: valid
2026-09-28T03:08:19.926039 [20260928T030152] M3 m3_084 m3_asp a2 try0: valid
2026-09-28T03:08:30.580048 [20260928T030152] M3 m3_085 m3_asp a1 try0: syntax_error
2026-09-28T03:08:45.411061 [20260928T030830] M3 m3_085 m3_nl a1 try0: invalid_schedule
2026-09-28T03:08:52.169349 [20260928T030830] M3 m3_085 m3_asp a2 try0: valid
2026-09-28T03:09:07.077778 [20260928T030830] M3 m3_085 m3_nl a2 try0: invalid_schedule
2026-09-28T03:09:21.171872 [20260928T030830] M3 m3_085 m3_nl a3 try0: invalid_schedule
2026-09-28T03:09:38.028948 [20260928T030830] M3 m3_086 m3_nl a1 try0: invalid_schedule
2026-09-28T03:09:48.665736 [20260928T030830] M3 m3_086 m3_asp a1 try0: invalid_schedule
2026-09-28T03:09:58.155801 [20260928T030830] M3 m3_086 m3_nl a2 try0: invalid_schedule
2026-09-28T03:10:07.814602 [20260928T030830] M3 m3_086 m3_asp a2 try0: invalid_schedule
2026-09-28T03:10:21.402799 [20260928T030830] M3 m3_086 m3_nl a3 try0: invalid_schedule
2026-09-28T03:10:29.741005 [20260928T030830] M3 m3_086 m3_asp a3 try0: invalid_schedule
2026-09-28T03:10:44.832742 [20260928T030830] M3 m3_087 m3_nl a1 try0: invalid_schedule
2026-09-28T03:10:53.122651 [20260928T030830] M3 m3_087 m3_asp a1 try0: invalid_schedule
2026-09-28T03:11:03.620248 [20260928T030830] M3 m3_087 m3_nl a2 try0: invalid_schedule
2026-09-28T03:11:09.882887 [20260928T030830] M3 m3_087 m3_asp a2 try0: invalid_schedule
2026-09-28T03:11:18.577860 [20260928T030830] M3 m3_087 m3_nl a3 try0: invalid_schedule
2026-09-28T03:11:25.221509 [20260928T030830] M3 m3_087 m3_asp a3 try0: invalid_schedule
2026-09-28T03:11:36.671098 [20260928T030830] M3 m3_088 m3_nl a1 try0: invalid_schedule
2026-09-28T03:11:46.849134 [20260928T030830] M3 m3_088 m3_asp a1 try0: invalid_schedule
2026-09-28T03:11:58.182484 [20260928T030830] M3 m3_088 m3_nl a2 try0: invalid_schedule
2026-09-28T03:12:08.278014 [20260928T030830] M3 m3_088 m3_asp a2 try0: invalid_schedule
2026-09-28T03:12:20.113856 [20260928T030830] M3 m3_088 m3_nl a3 try0: valid
2026-09-28T03:12:31.654083 [20260928T030830] M3 m3_088 m3_asp a3 try0: invalid_schedule
2026-09-28T03:12:44.777766 [20260928T030830] M3 m3_089 m3_nl a1 try0: invalid_schedule
2026-09-28T03:12:53.518850 [20260928T030830] M3 m3_089 m3_asp a1 try0: syntax_error
2026-09-28T03:13:04.943558 [20260928T030830] M3 m3_089 m3_nl a2 try0: invalid_schedule
2026-09-28T03:13:11.394158 [20260928T030830] M3 m3_089 m3_asp a2 try0: valid
2026-09-28T03:13:22.922545 [20260928T030830] M3 m3_089 m3_nl a3 try0: invalid_schedule
2026-09-28T03:13:37.197058 [20260928T030830] M3 m3_090 m3_nl a1 try0: invalid_schedule
2026-09-28T03:13:47.458590 [20260928T030830] M3 m3_090 m3_asp a1 try0: valid
2026-09-28T03:14:00.493091 [20260928T030830] M3 m3_090 m3_nl a2 try0: invalid_schedule
2026-09-28T03:14:16.316594 [20260928T031400] M3 m3_090 m3_nl a3 try0: invalid_schedule
2026-09-28T03:14:29.639680 [20260928T031400] M3 m3_091 m3_nl a1 try0: invalid_schedule
2026-09-28T03:14:37.476374 [20260928T031400] M3 m3_091 m3_asp a1 try0: invalid_schedule
2026-09-28T03:14:48.661682 [20260928T031400] M3 m3_091 m3_nl a2 try0: invalid_schedule
2026-09-28T03:14:55.238126 [20260928T031400] M3 m3_091 m3_asp a2 try0: invalid_schedule
2026-09-28T03:15:07.013656 [20260928T031400] M3 m3_091 m3_nl a3 try0: invalid_schedule
2026-09-28T03:15:14.669296 [20260928T031400] M3 m3_091 m3_asp a3 try0: valid
2026-09-28T03:15:26.628760 [20260928T031400] M3 m3_092 m3_asp a1 try0: valid
2026-09-28T03:15:41.063960 [20260928T031400] M3 m3_092 m3_nl a1 try0: invalid_schedule
2026-09-28T03:15:52.831967 [20260928T031400] M3 m3_092 m3_nl a2 try0: invalid_schedule
2026-09-28T03:16:04.127252 [20260928T031400] M3 m3_092 m3_nl a3 try0: invalid_schedule
2026-09-28T03:16:12.218614 [20260928T031400] M3 m3_093 m3_asp a1 try0: syntax_error
2026-09-28T03:16:23.331887 [20260928T031400] M3 m3_093 m3_nl a1 try0: invalid_schedule
2026-09-28T03:16:30.024595 [20260928T031400] M3 m3_093 m3_asp a2 try0: valid
2026-09-28T03:16:44.257850 [20260928T031400] M3 m3_093 m3_nl a2 try0: invalid_schedule
2026-09-28T03:16:56.695716 [20260928T031400] M3 m3_093 m3_nl a3 try0: invalid_schedule
2026-09-28T03:17:05.239732 [20260928T031400] M3 m3_094 m3_asp a1 try0: valid
2026-09-28T03:17:19.991678 [20260928T031400] M3 m3_094 m3_nl a1 try0: invalid_schedule
2026-09-28T03:17:30.504845 [20260928T031400] M3 m3_094 m3_nl a2 try0: invalid_schedule
2026-09-28T03:17:46.368040 [20260928T031400] M3 m3_094 m3_nl a3 try0: invalid_schedule
2026-09-28T03:17:59.107629 [20260928T031400] M3 m3_095 m3_nl a1 try0: invalid_schedule
2026-09-28T03:18:05.579646 [20260928T031400] M3 m3_095 m3_asp a1 try0: invalid_schedule
2026-09-28T03:18:25.404384 [20260928T031400] M3 m3_095 m3_nl a2 try0: invalid_schedule
2026-09-28T03:18:38.378915 [20260928T031400] M3 m3_095 m3_asp a2 try0: valid
2026-09-28T03:18:48.644803 [20260928T031400] M3 m3_095 m3_nl a3 try0: valid
2026-09-28T03:18:59.898193 [20260928T031400] M3 m3_096 m3_asp a1 try0: syntax_error
2026-09-28T03:19:14.299036 [20260928T031400] M3 m3_096 m3_nl a1 try0: invalid_schedule
2026-09-28T03:19:21.550003 [20260928T031400] M3 m3_096 m3_asp a2 try0: valid
2026-09-28T03:19:29.596083 [20260928T031400] M3 m3_096 m3_nl a2 try0: invalid_schedule
2026-09-28T03:19:40.954459 [20260928T031400] M3 m3_096 m3_nl a3 try0: invalid_schedule
2026-09-28T03:19:55.604627 [20260928T031941] M3 m3_097 m3_nl a1 try0: invalid_schedule
2026-09-28T03:20:03.374470 [20260928T031941] M3 m3_097 m3_asp a1 try0: valid
2026-09-28T03:20:15.094027 [20260928T031941] M3 m3_097 m3_nl a2 try0: invalid_schedule
2026-09-28T03:20:31.264703 [20260928T031941] M3 m3_097 m3_nl a3 try0: invalid_schedule
2026-09-28T03:20:45.647665 [20260928T031941] M3 m3_098 m3_nl a1 try0: invalid_schedule
2026-09-28T03:20:54.267905 [20260928T031941] M3 m3_098 m3_asp a1 try0: invalid_schedule
2026-09-28T03:21:06.846126 [20260928T031941] M3 m3_098 m3_nl a2 try0: invalid_schedule
2026-09-28T03:21:15.664894 [20260928T031941] M3 m3_098 m3_asp a2 try0: invalid_schedule
2026-09-28T03:21:25.202548 [20260928T031941] M3 m3_098 m3_nl a3 try0: invalid_schedule
2026-09-28T03:21:32.693963 [20260928T031941] M3 m3_098 m3_asp a3 try0: invalid_schedule
2026-09-28T03:21:40.295798 [20260928T031941] M3 m3_099 m3_asp a1 try0: valid
2026-09-28T03:21:50.542039 [20260928T031941] M3 m3_099 m3_nl a1 try0: invalid_schedule
2026-09-28T03:21:59.659107 [20260928T031941] M3 m3_099 m3_nl a2 try0: invalid_schedule
2026-09-28T03:22:07.086856 [20260928T031941] M3 m3_099 m3_nl a3 try0: valid
2026-09-28T03:22:19.245760 [20260928T031941] M3 m3_100 m3_nl a1 try0: invalid_schedule
2026-09-28T03:22:29.335520 [20260928T031941] M3 m3_100 m3_asp a1 try0: valid
2026-09-28T03:22:42.021935 [20260928T031941] M3 m3_100 m3_nl a2 try0: invalid_schedule
2026-09-28T03:22:54.754053 [20260928T031941] M3 m3_100 m3_nl a3 try0: invalid_schedule
2026-09-28T03:23:02.509472 [20260928T031941] M3 m3_101 m3_asp a1 try0: syntax_error
2026-09-28T03:23:15.833591 [20260928T031941] M3 m3_101 m3_nl a1 try0: invalid_schedule
2026-09-28T03:23:22.751486 [20260928T031941] M3 m3_101 m3_asp a2 try0: invalid_schedule
2026-09-28T03:23:33.167515 [20260928T031941] M3 m3_101 m3_nl a2 try0: invalid_schedule
2026-09-28T03:23:39.571039 [20260928T031941] M3 m3_101 m3_asp a3 try0: invalid_schedule
2026-09-28T03:23:51.626202 [20260928T031941] M3 m3_101 m3_nl a3 try0: invalid_schedule
2026-09-28T03:24:03.844676 [20260928T031941] M3 m3_102 m3_nl a1 try0: invalid_schedule
2026-09-28T03:24:12.169575 [20260928T031941] M3 m3_102 m3_asp a1 try0: invalid_schedule
2026-09-28T03:24:26.129288 [20260928T031941] M3 m3_102 m3_nl a2 try0: invalid_schedule
2026-09-28T03:24:32.991310 [20260928T031941] M3 m3_102 m3_asp a2 try0: invalid_schedule
2026-09-28T03:24:44.802128 [20260928T031941] M3 m3_102 m3_nl a3 try0: invalid_schedule
2026-09-28T03:24:51.960277 [20260928T031941] M3 m3_102 m3_asp a3 try0: invalid_schedule
2026-09-28T03:25:03.779804 [20260928T032452] M3 m3_103 m3_nl a1 try0: invalid_schedule
2026-09-28T03:25:13.360332 [20260928T032452] M3 m3_103 m3_asp a1 try0: syntax_error
2026-09-28T03:25:24.399136 [20260928T032452] M3 m3_103 m3_nl a2 try0: invalid_schedule
2026-09-28T03:25:36.506913 [20260928T032452] M3 m3_103 m3_asp a2 try0: valid
2026-09-28T03:25:49.011249 [20260928T032452] M3 m3_103 m3_nl a3 try0: invalid_schedule
2026-09-28T03:26:02.106322 [20260928T032452] M3 m3_104 m3_nl a1 try0: invalid_schedule
2026-09-28T03:26:12.074575 [20260928T032452] M3 m3_104 m3_asp a1 try0: valid
2026-09-28T03:26:23.096039 [20260928T032452] M3 m3_104 m3_nl a2 try0: invalid_schedule
2026-09-28T03:26:34.971724 [20260928T032452] M3 m3_104 m3_nl a3 try0: invalid_schedule
2026-09-28T03:26:56.652372 [20260928T032452] M3 m3_105 m3_asp a1 try0: invalid_schedule
2026-09-28T03:27:08.723361 [20260928T032452] M3 m3_105 m3_nl a1 try0: invalid_schedule
2026-09-28T03:27:15.073226 [20260928T032452] M3 m3_105 m3_asp a2 try0: valid
2026-09-28T03:27:24.099051 [20260928T032452] M3 m3_105 m3_nl a2 try0: invalid_schedule
2026-09-28T03:27:36.451564 [20260928T032452] M3 m3_105 m3_nl a3 try0: invalid_schedule
2026-09-28T03:27:44.651759 [20260928T032452] M3 m3_106 m3_asp a1 try0: invalid_schedule
2026-09-28T03:27:59.876654 [20260928T032452] M3 m3_106 m3_nl a1 try0: invalid_schedule
2026-09-28T03:28:09.141160 [20260928T032452] M3 m3_106 m3_asp a2 try0: invalid_schedule
2026-09-28T03:28:18.625267 [20260928T032452] M3 m3_106 m3_nl a2 try0: valid
2026-09-28T03:28:25.212960 [20260928T032452] M3 m3_106 m3_asp a3 try0: valid
2026-09-28T03:28:37.622248 [20260928T032452] M3 m3_107 m3_nl a1 try0: invalid_schedule
2026-09-28T03:28:47.549284 [20260928T032452] M3 m3_107 m3_asp a1 try0: syntax_error
2026-09-28T03:29:01.278012 [20260928T032452] M3 m3_107 m3_nl a2 try0: invalid_schedule
2026-09-28T03:29:07.951094 [20260928T032452] M3 m3_107 m3_asp a2 try0: invalid_schedule
2026-09-28T03:29:21.310542 [20260928T032452] M3 m3_107 m3_nl a3 try0: invalid_schedule
2026-09-28T03:29:27.618381 [20260928T032452] M3 m3_107 m3_asp a3 try0: valid
2026-09-28T03:29:38.382050 [20260928T032452] M3 m3_108 m3_asp a1 try0: invalid_schedule
2026-09-28T03:29:52.741051 [20260928T032452] M3 m3_108 m3_nl a1 try0: invalid_schedule
2026-09-28T03:29:59.853114 [20260928T032452] M3 m3_108 m3_asp a2 try0: invalid_schedule
2026-09-28T03:30:12.821060 [20260928T032452] M3 m3_108 m3_nl a2 try0: invalid_schedule
2026-09-28T03:30:19.733355 [20260928T032452] M3 m3_108 m3_asp a3 try0: valid
2026-09-28T03:30:31.345644 [20260928T033020] M3 m3_108 m3_nl a3 try0: invalid_schedule
2026-09-28T03:30:42.625774 [20260928T033020] M3 m3_109 m3_nl a1 try0: invalid_schedule
2026-09-28T03:30:49.967574 [20260928T033020] M3 m3_109 m3_asp a1 try0: valid
2026-09-28T03:31:00.466060 [20260928T033020] M3 m3_109 m3_nl a2 try0: invalid_schedule
2026-09-28T03:31:14.132875 [20260928T033020] M3 m3_109 m3_nl a3 try0: invalid_schedule
2026-09-28T03:31:26.947738 [20260928T033020] M3 m3_110 m3_nl a1 try0: invalid_schedule
2026-09-28T03:31:33.563495 [20260928T033020] M3 m3_110 m3_asp a1 try0: valid
2026-09-28T03:31:43.381119 [20260928T033020] M3 m3_110 m3_nl a2 try0: invalid_schedule
2026-09-28T03:31:53.005136 [20260928T033020] M3 m3_110 m3_nl a3 try0: invalid_schedule
2026-09-28T03:31:59.577713 [20260928T033020] M3 m3_111 m3_asp a1 try0: valid
2026-09-28T03:32:10.631055 [20260928T033020] M3 m3_111 m3_nl a1 try0: invalid_schedule
2026-09-28T03:32:26.391175 [20260928T033020] M3 m3_111 m3_nl a2 try0: invalid_schedule
2026-09-28T03:32:42.026469 [20260928T033020] M3 m3_111 m3_nl a3 try0: invalid_schedule
2026-09-28T03:32:52.628576 [20260928T033020] M3 m3_112 m3_nl a1 try0: invalid_schedule
2026-09-28T03:33:02.014262 [20260928T033020] M3 m3_112 m3_asp a1 try0: syntax_error
2026-09-28T03:33:16.955423 [20260928T033020] M3 m3_112 m3_nl a2 try0: invalid_schedule
2026-09-28T03:33:24.657498 [20260928T033020] M3 m3_112 m3_asp a2 try0: valid
2026-09-28T03:33:33.381185 [20260928T033020] M3 m3_112 m3_nl a3 try0: invalid_schedule
2026-09-28T03:33:44.696298 [20260928T033020] M3 m3_113 m3_nl a1 try0: invalid_schedule
2026-09-28T03:33:52.688960 [20260928T033020] M3 m3_113 m3_asp a1 try0: valid
2026-09-28T03:34:02.382464 [20260928T033020] M3 m3_113 m3_nl a2 try0: invalid_schedule
2026-09-28T03:34:17.001966 [20260928T033020] M3 m3_113 m3_nl a3 try0: invalid_schedule
2026-09-28T03:34:25.407216 [20260928T033020] M3 m3_114 m3_asp a1 try0: invalid_schedule
2026-09-28T03:34:39.309937 [20260928T033020] M3 m3_114 m3_nl a1 try0: invalid_schedule
2026-09-28T03:34:46.017101 [20260928T033020] M3 m3_114 m3_asp a2 try0: valid
2026-09-28T03:34:56.280853 [20260928T033020] M3 m3_114 m3_nl a2 try0: invalid_schedule
2026-09-28T03:35:07.688963 [20260928T033020] M3 m3_114 m3_nl a3 try0: invalid_schedule
2026-09-28T03:35:16.289031 [20260928T033020] M3 m3_115 m3_asp a1 try0: invalid_schedule
2026-09-28T03:35:30.710961 [20260928T033020] M3 m3_115 m3_nl a1 try0: invalid_schedule
2026-09-28T03:35:37.474955 [20260928T033020] M3 m3_115 m3_asp a2 try0: invalid_schedule
2026-09-28T03:35:46.948361 [20260928T033537] M3 m3_115 m3_nl a2 try0: invalid_schedule
2026-09-28T03:35:54.276443 [20260928T033537] M3 m3_115 m3_asp a3 try0: invalid_schedule
2026-09-28T03:36:05.044998 [20260928T033537] M3 m3_115 m3_nl a3 try0: invalid_schedule
2026-09-28T03:36:12.702910 [20260928T033537] M3 m3_116 m3_asp a1 try0: syntax_error
2026-09-28T03:36:26.413641 [20260928T033537] M3 m3_116 m3_nl a1 try0: invalid_schedule
2026-09-28T03:36:32.617714 [20260928T033537] M3 m3_116 m3_asp a2 try0: valid
2026-09-28T03:36:43.239223 [20260928T033537] M3 m3_116 m3_nl a2 try0: invalid_schedule
2026-09-28T03:36:55.323934 [20260928T033537] M3 m3_116 m3_nl a3 try0: invalid_schedule
2026-09-28T03:37:07.029309 [20260928T033537] M3 m3_117 m3_nl a1 try0: invalid_schedule
2026-09-28T03:37:16.591709 [20260928T033537] M3 m3_117 m3_asp a1 try0: invalid_schedule
2026-09-28T03:37:27.871923 [20260928T033537] M3 m3_117 m3_nl a2 try0: invalid_schedule
2026-09-28T03:37:34.936243 [20260928T033537] M3 m3_117 m3_asp a2 try0: invalid_schedule
2026-09-28T03:37:45.428053 [20260928T033537] M3 m3_117 m3_nl a3 try0: invalid_schedule
2026-09-28T03:37:52.637046 [20260928T033537] M3 m3_117 m3_asp a3 try0: valid
2026-09-28T03:38:02.515081 [20260928T033537] M3 m3_118 m3_asp a1 try0: syntax_error
2026-09-28T03:38:16.515738 [20260928T033537] M3 m3_118 m3_nl a1 try0: invalid_schedule
2026-09-28T03:38:26.020749 [20260928T033537] M3 m3_118 m3_asp a2 try0: invalid_schedule
2026-09-28T03:38:41.496227 [20260928T033537] M3 m3_118 m3_nl a2 try0: invalid_schedule
2026-09-28T03:38:47.669591 [20260928T033537] M3 m3_118 m3_asp a3 try0: invalid_schedule
2026-09-28T03:38:58.957305 [20260928T033537] M3 m3_118 m3_nl a3 try0: invalid_schedule
2026-09-28T03:39:10.596893 [20260928T033537] M3 m3_119 m3_nl a1 try0: invalid_schedule
2026-09-28T03:39:17.267076 [20260928T033537] M3 m3_119 m3_asp a1 try0: valid
2026-09-28T03:39:28.025274 [20260928T033537] M3 m3_119 m3_nl a2 try0: valid
2026-09-28T03:39:36.099444 [20260928T033537] M3 m3_120 m3_asp a1 try0: valid
2026-09-28T03:39:48.356451 [20260928T033537] M3 m3_120 m3_nl a1 try0: invalid_schedule
2026-09-28T03:39:57.881043 [20260928T033537] M3 m3_120 m3_nl a2 try0: invalid_schedule
2026-09-28T03:40:05.629483 [20260928T033537] M3 m3_120 m3_nl a3 try0: invalid_schedule
2026-09-28T03:40:20.583182 [20260928T033537] M3 m3_121 m3_nl a1 try0: invalid_schedule
2026-09-28T03:40:28.404690 [20260928T033537] M3 m3_121 m3_asp a1 try0: valid
2026-09-28T03:40:36.908980 [20260928T033537] M3 m3_121 m3_nl a2 try0: invalid_schedule
2026-09-28T03:40:52.124870 [20260928T034037] M3 m3_121 m3_nl a3 try0: invalid_schedule
2026-09-28T03:41:00.379828 [20260928T034037] M3 m3_122 m3_asp a1 try0: invalid_schedule
2026-09-28T03:41:13.933950 [20260928T034037] M3 m3_122 m3_nl a1 try0: invalid_schedule
2026-09-28T03:41:23.262698 [20260928T034037] M3 m3_122 m3_asp a2 try0: valid
2026-09-28T03:41:34.743254 [20260928T034037] M3 m3_122 m3_nl a2 try0: invalid_schedule
2026-09-28T03:41:50.664368 [20260928T034037] M3 m3_122 m3_nl a3 try0: invalid_schedule
2026-09-28T03:42:02.114572 [20260928T034037] M3 m3_123 m3_nl a1 try0: invalid_schedule
2026-09-28T03:42:11.302748 [20260928T034037] M3 m3_123 m3_asp a1 try0: syntax_error
2026-09-28T03:42:20.900113 [20260928T034037] M3 m3_123 m3_nl a2 try0: valid
2026-09-28T03:42:29.043066 [20260928T034037] M3 m3_123 m3_asp a2 try0: invalid_schedule
2026-09-28T03:42:38.516011 [20260928T034037] M3 m3_123 m3_asp a3 try0: valid
2026-09-28T03:42:45.745271 [20260928T034037] M3 m3_124 m3_asp a1 try0: valid
2026-09-28T03:42:58.640071 [20260928T034037] M3 m3_124 m3_nl a1 try0: invalid_schedule
2026-09-28T03:43:10.293547 [20260928T034037] M3 m3_124 m3_nl a2 try0: invalid_schedule
2026-09-28T03:43:20.465478 [20260928T034037] M3 m3_124 m3_nl a3 try0: valid
2026-09-28T03:43:33.264605 [20260928T034037] M3 m3_125 m3_nl a1 try0: invalid_schedule
2026-09-28T03:43:41.959807 [20260928T034037] M3 m3_125 m3_asp a1 try0: invalid_schedule
2026-09-28T03:43:53.318464 [20260928T034037] M3 m3_125 m3_nl a2 try0: invalid_schedule
2026-09-28T03:44:04.822326 [20260928T034037] M3 m3_125 m3_asp a2 try0: invalid_schedule
2026-09-28T03:44:21.946199 [20260928T034037] M3 m3_125 m3_nl a3 try0: invalid_schedule
2026-09-28T03:44:29.789281 [20260928T034037] M3 m3_125 m3_asp a3 try0: invalid_schedule
2026-09-28T03:44:39.051267 [20260928T034037] M3 m3_126 m3_asp a1 try0: syntax_error
2026-09-28T03:44:50.721898 [20260928T034037] M3 m3_126 m3_nl a1 try0: invalid_schedule
2026-09-28T03:44:58.240308 [20260928T034037] M3 m3_126 m3_asp a2 try0: syntax_error
2026-09-28T03:45:09.544360 [20260928T034037] M3 m3_126 m3_nl a2 try0: invalid_schedule
2026-09-28T03:45:19.303071 [20260928T034037] M3 m3_126 m3_asp a3 try0: valid
2026-09-28T03:45:40.211788 [20260928T034037] M3 m3_126 m3_nl a3 try0: invalid_schedule
2026-09-28T03:45:53.766006 [20260928T034037] M3 m3_127 m3_nl a1 try0: invalid_schedule
2026-09-28T03:46:04.550142 [20260928T034037] M3 m3_127 m3_asp a1 try0: invalid_schedule
2026-09-28T03:46:19.902068 [20260928T034037] M3 m3_127 m3_nl a2 try0: invalid_schedule
2026-09-28T03:46:29.877440 [20260928T034620] M3 m3_127 m3_asp a2 try0: invalid_schedule
2026-09-28T03:46:44.831000 [20260928T034620] M3 m3_127 m3_nl a3 try0: invalid_schedule
2026-09-28T03:46:54.867103 [20260928T034620] M3 m3_127 m3_asp a3 try0: invalid_schedule
2026-09-28T03:47:09.728370 [20260928T034620] M3 m3_128 m3_nl a1 try0: invalid_schedule
2026-09-28T03:47:18.475022 [20260928T034620] M3 m3_128 m3_asp a1 try0: invalid_schedule
2026-09-28T03:47:31.701617 [20260928T034620] M3 m3_128 m3_nl a2 try0: invalid_schedule
2026-09-28T03:47:39.727731 [20260928T034620] M3 m3_128 m3_asp a2 try0: invalid_schedule
2026-09-28T03:47:52.442711 [20260928T034620] M3 m3_128 m3_nl a3 try0: invalid_schedule
2026-09-28T03:48:00.818773 [20260928T034620] M3 m3_128 m3_asp a3 try0: invalid_schedule
2026-09-28T03:48:15.062484 [20260928T034620] M3 m3_129 m3_nl a1 try0: invalid_schedule
2026-09-28T03:48:28.364200 [20260928T034620] M3 m3_129 m3_asp a1 try0: syntax_error
2026-09-28T03:48:40.376710 [20260928T034620] M3 m3_129 m3_nl a2 try0: invalid_schedule
2026-09-28T03:48:50.463702 [20260928T034620] M3 m3_129 m3_asp a2 try0: invalid_schedule
2026-09-28T03:49:00.633023 [20260928T034620] M3 m3_129 m3_nl a3 try0: invalid_schedule
2026-09-28T03:49:06.691432 [20260928T034620] M3 m3_129 m3_asp a3 try0: valid
2026-09-28T03:49:15.468835 [20260928T034620] M3 m3_130 m3_asp a1 try0: valid
2026-09-28T03:49:27.048129 [20260928T034620] M3 m3_130 m3_nl a1 try0: valid
2026-09-28T03:49:36.625586 [20260928T034620] M3 m3_131 m3_asp a1 try0: syntax_error
2026-09-28T03:49:51.611026 [20260928T034620] M3 m3_131 m3_nl a1 try0: invalid_schedule
2026-09-28T03:49:59.129610 [20260928T034620] M3 m3_131 m3_asp a2 try0: invalid_schedule
2026-09-28T03:50:13.200069 [20260928T034620] M3 m3_131 m3_nl a2 try0: invalid_schedule
2026-09-28T03:50:22.592932 [20260928T034620] M3 m3_131 m3_asp a3 try0: invalid_schedule
2026-09-28T03:50:32.782941 [20260928T034620] M3 m3_131 m3_nl a3 try0: invalid_schedule
2026-09-28T03:50:41.461494 [20260928T034620] M3 m3_132 m3_asp a1 try0: valid
2026-09-28T03:50:53.678929 [20260928T034620] M3 m3_132 m3_nl a1 try0: invalid_schedule
2026-09-28T03:51:04.802681 [20260928T034620] M3 m3_132 m3_nl a2 try0: invalid_schedule
2026-09-28T03:51:18.782405 [20260928T034620] M3 m3_132 m3_nl a3 try0: invalid_schedule
2026-09-28T03:51:32.296721 [20260928T034620] M3 m3_133 m3_nl a1 try0: invalid_schedule
2026-09-28T03:51:39.221312 [20260928T034620] M3 m3_133 m3_asp a1 try0: syntax_error
2026-09-28T03:51:51.381775 [20260928T034620] M3 m3_133 m3_nl a2 try0: invalid_schedule
2026-09-28T03:52:00.060497 [20260928T035151] M3 m3_133 m3_asp a2 try0: valid
2026-09-28T03:52:11.260748 [20260928T035151] M3 m3_133 m3_nl a3 try0: invalid_schedule
2026-09-28T03:52:28.147320 [20260928T035151] M3 m3_134 m3_nl a1 try0: invalid_schedule
2026-09-28T03:52:35.442409 [20260928T035151] M3 m3_134 m3_asp a1 try0: valid
2026-09-28T03:52:49.341861 [20260928T035151] M3 m3_134 m3_nl a2 try0: invalid_schedule
2026-09-28T03:52:58.783182 [20260928T035151] M3 m3_134 m3_nl a3 try0: invalid_schedule
2026-09-28T03:53:08.309733 [20260928T035151] M3 m3_135 m3_asp a1 try0: syntax_error
2026-09-28T03:53:24.600938 [20260928T035151] M3 m3_135 m3_nl a1 try0: invalid_schedule
2026-09-28T03:53:30.870347 [20260928T035151] M3 m3_135 m3_asp a2 try0: invalid_schedule
2026-09-28T03:53:42.295920 [20260928T035151] M3 m3_135 m3_nl a2 try0: invalid_schedule
2026-09-28T03:53:49.058901 [20260928T035151] M3 m3_135 m3_asp a3 try0: valid
2026-09-28T03:54:00.132589 [20260928T035151] M3 m3_135 m3_nl a3 try0: invalid_schedule
2026-09-28T03:54:17.334329 [20260928T035151] M3 m3_136 m3_nl a1 try0: invalid_schedule
2026-09-28T03:54:26.522470 [20260928T035151] M3 m3_136 m3_asp a1 try0: invalid_schedule
2026-09-28T03:54:38.056720 [20260928T035151] M3 m3_136 m3_nl a2 try0: invalid_schedule
2026-09-28T03:54:46.639750 [20260928T035151] M3 m3_136 m3_asp a2 try0: syntax_error
2026-09-28T03:54:56.513956 [20260928T035151] M3 m3_136 m3_nl a3 try0: invalid_schedule
2026-09-28T03:55:05.193308 [20260928T035151] M3 m3_136 m3_asp a3 try0: valid
2026-09-28T03:55:14.802761 [20260928T035151] M3 m3_137 m3_asp a1 try0: syntax_error
2026-09-28T03:55:32.381917 [20260928T035151] M3 m3_137 m3_nl a1 try0: valid
2026-09-28T03:55:38.682638 [20260928T035151] M3 m3_137 m3_asp a2 try0: valid
2026-09-28T03:55:49.206882 [20260928T035151] M3 m3_138 m3_asp a1 try0: invalid_schedule
2026-09-28T03:56:00.873600 [20260928T035151] M3 m3_138 m3_nl a1 try0: invalid_schedule
2026-09-28T03:56:10.316238 [20260928T035151] M3 m3_138 m3_asp a2 try0: invalid_schedule
2026-09-28T03:56:21.393346 [20260928T035151] M3 m3_138 m3_nl a2 try0: invalid_schedule
2026-09-28T03:56:30.257291 [20260928T035151] M3 m3_138 m3_asp a3 try0: invalid_schedule
2026-09-28T03:56:41.799991 [20260928T035151] M3 m3_138 m3_nl a3 try0: invalid_schedule
2026-09-28T03:56:50.016871 [20260928T035151] M3 m3_139 m3_asp a1 try0: syntax_error
2026-09-28T03:57:04.791655 [20260928T035151] M3 m3_139 m3_nl a1 try0: invalid_schedule
2026-09-28T03:57:12.698078 [20260928T035151] M3 m3_139 m3_asp a2 try0: invalid_schedule
2026-09-28T03:57:23.786937 [20260928T035713] M3 m3_139 m3_nl a2 try0: invalid_schedule
2026-09-28T03:57:32.307176 [20260928T035713] M3 m3_139 m3_asp a3 try0: valid
2026-09-28T03:57:44.598113 [20260928T035713] M3 m3_139 m3_nl a3 try0: invalid_schedule
2026-09-28T03:57:58.116906 [20260928T035713] M3 m3_140 m3_nl a1 try0: invalid_schedule
2026-09-28T03:58:05.055549 [20260928T035713] M3 m3_140 m3_asp a1 try0: syntax_error
2026-09-28T03:58:16.035374 [20260928T035713] M3 m3_140 m3_nl a2 try0: invalid_schedule
2026-09-28T03:58:21.982911 [20260928T035713] M3 m3_140 m3_asp a2 try0: syntax_error
2026-09-28T03:58:32.717698 [20260928T035713] M3 m3_140 m3_nl a3 try0: invalid_schedule
2026-09-28T03:58:43.961932 [20260928T035713] M3 m3_140 m3_asp a3 try0: syntax_error
2026-09-28T03:58:55.724089 [20260928T035713] M3 m3_141 m3_asp a1 try0: valid
2026-09-28T03:59:13.490531 [20260928T035713] M3 m3_141 m3_nl a1 try0: invalid_schedule
2026-09-28T03:59:30.238684 [20260928T035713] M3 m3_141 m3_nl a2 try0: invalid_schedule
2026-09-28T03:59:48.193857 [20260928T035713] M3 m3_141 m3_nl a3 try0: invalid_schedule
2026-09-28T03:59:57.994005 [20260928T035713] M3 m3_142 m3_asp a1 try0: valid
2026-09-28T04:00:08.101781 [20260928T035713] M3 m3_142 m3_nl a1 try0: invalid_schedule
2026-09-28T04:00:19.521577 [20260928T035713] M3 m3_142 m3_nl a2 try0: invalid_schedule
2026-09-28T04:00:39.599928 [20260928T035713] M3 m3_142 m3_nl a3 try0: invalid_schedule
2026-09-28T04:00:47.363145 [20260928T035713] M3 m3_143 m3_asp a1 try0: valid
2026-09-28T04:01:04.162173 [20260928T035713] M3 m3_143 m3_nl a1 try0: invalid_schedule
2026-09-28T04:01:12.996909 [20260928T035713] M3 m3_143 m3_nl a2 try0: invalid_schedule
2026-09-28T04:01:25.382694 [20260928T035713] M3 m3_143 m3_nl a3 try0: invalid_schedule
2026-09-28T04:01:36.463587 [20260928T035713] M3 m3_144 m3_asp a1 try0: invalid_schedule
2026-09-28T04:01:51.523676 [20260928T035713] M3 m3_144 m3_nl a1 try0: invalid_schedule
2026-09-28T04:01:58.774266 [20260928T035713] M3 m3_144 m3_asp a2 try0: syntax_error
2026-09-28T04:02:12.252692 [20260928T035713] M3 m3_144 m3_nl a2 try0: invalid_schedule
2026-09-28T04:02:35.417759 [20260928T035713] M3 m3_144 m3_asp a3 try0: valid
2026-09-28T04:02:51.452849 [20260928T035713] M3 m3_144 m3_nl a3 try0: invalid_schedule
2026-09-28T04:03:03.620906 [20260928T035713] M3 m3_145 m3_nl a1 try0: invalid_schedule
2026-09-28T04:03:20.506640 [20260928T035713] M3 m3_145 m3_asp a1 try0: invalid_schedule
2026-09-28T04:03:44.924133 [20260928T035713] M3 m3_145 m3_nl a2 try0: invalid_schedule
2026-09-28T04:03:57.247381 [20260928T040345] M3 m3_145 m3_asp a2 try0: valid
2026-09-28T04:04:07.456286 [20260928T040345] M3 m3_145 m3_nl a3 try0: invalid_schedule
2026-09-28T04:04:16.807206 [20260928T040345] M3 m3_146 m3_asp a1 try0: invalid_schedule
2026-09-28T04:04:27.688448 [20260928T040345] M3 m3_146 m3_nl a1 try0: invalid_schedule
2026-09-28T04:04:35.037520 [20260928T040345] M3 m3_146 m3_asp a2 try0: invalid_schedule
2026-09-28T04:04:46.239831 [20260928T040345] M3 m3_146 m3_nl a2 try0: valid
2026-09-28T04:04:54.337678 [20260928T040345] M3 m3_146 m3_asp a3 try0: valid
2026-09-28T04:05:06.923206 [20260928T040345] M3 m3_147 m3_nl a1 try0: invalid_schedule
2026-09-28T04:05:16.441185 [20260928T040345] M3 m3_147 m3_asp a1 try0: invalid_schedule
2026-09-28T04:05:26.008763 [20260928T040345] M3 m3_147 m3_nl a2 try0: invalid_schedule
2026-09-28T04:05:32.546111 [20260928T040345] M3 m3_147 m3_asp a2 try0: invalid_schedule
2026-09-28T04:05:41.173824 [20260928T040345] M3 m3_147 m3_nl a3 try0: invalid_schedule
2026-09-28T04:05:47.925526 [20260928T040345] M3 m3_147 m3_asp a3 try0: invalid_schedule
2026-09-28T04:05:56.369493 [20260928T040345] M3 m3_148 m3_asp a1 try0: invalid_schedule
2026-09-28T04:06:09.124190 [20260928T040345] M3 m3_148 m3_nl a1 try0: invalid_schedule
2026-09-28T04:06:15.268731 [20260928T040345] M3 m3_148 m3_asp a2 try0: invalid_schedule
2026-09-28T04:06:26.791577 [20260928T040345] M3 m3_148 m3_nl a2 try0: invalid_schedule
2026-09-28T04:06:33.430342 [20260928T040345] M3 m3_148 m3_asp a3 try0: invalid_schedule
2026-09-28T04:06:44.964229 [20260928T040345] M3 m3_148 m3_nl a3 try0: invalid_schedule
2026-09-28T04:06:57.703971 [20260928T040345] M3 m3_149 m3_nl a1 try0: invalid_schedule
2026-09-28T04:07:05.165702 [20260928T040345] M3 m3_149 m3_asp a1 try0: valid
2026-09-28T04:07:15.414493 [20260928T040345] M3 m3_149 m3_nl a2 try0: invalid_schedule
2026-09-28T04:07:28.043926 [20260928T040345] M3 m3_149 m3_nl a3 try0: invalid_schedule
2026-09-28T04:07:35.422645 [20260928T040345] M3 m3_150 m3_asp a1 try0: valid
2026-09-28T04:07:47.181721 [20260928T040345] M3 m3_150 m3_nl a1 try0: invalid_schedule
2026-09-28T04:08:02.023080 [20260928T040345] M3 m3_150 m3_nl a2 try0: invalid_schedule
2026-09-28T04:08:15.102500 [20260928T040345] M3 m3_150 m3_nl a3 try0: invalid_schedule
2026-09-28T04:08:28.021581 [20260928T040345] M3 m3_151 m3_nl a1 try0: invalid_schedule
2026-09-28T04:08:34.905268 [20260928T040345] M3 m3_151 m3_asp a1 try0: invalid_schedule
2026-09-28T04:08:50.494379 [20260928T040345] M3 m3_151 m3_nl a2 try0: invalid_schedule
2026-09-28T04:08:57.638539 [20260928T040850] M3 m3_151 m3_asp a2 try0: invalid_schedule
2026-09-28T04:09:09.191954 [20260928T040850] M3 m3_151 m3_nl a3 try0: invalid_schedule
2026-09-28T04:09:15.976776 [20260928T040850] M3 m3_151 m3_asp a3 try0: valid
2026-09-28T04:09:26.320523 [20260928T040850] M3 m3_152 m3_nl a1 try0: invalid_schedule
2026-09-28T04:09:37.182671 [20260928T040850] M3 m3_152 m3_asp a1 try0: unsat
2026-09-28T04:10:07.746846 [20260928T040850] M3 m3_152 m3_nl a2 try0: invalid_schedule
2026-09-28T04:10:15.370992 [20260928T040850] M3 m3_152 m3_asp a2 try0: valid
2026-09-28T04:10:27.778155 [20260928T040850] M3 m3_152 m3_nl a3 try0: invalid_schedule
2026-09-28T04:10:37.690986 [20260928T040850] M3 m3_153 m3_asp a1 try0: valid
2026-09-28T04:10:48.736909 [20260928T040850] M3 m3_153 m3_nl a1 try0: invalid_schedule
2026-09-28T04:11:01.773559 [20260928T040850] M3 m3_153 m3_nl a2 try0: valid
2026-09-28T04:11:11.403725 [20260928T040850] M3 m3_154 m3_asp a1 try0: syntax_error
2026-09-28T04:11:31.902876 [20260928T040850] M3 m3_154 m3_nl a1 try0: invalid_schedule
2026-09-28T04:11:42.269789 [20260928T040850] M3 m3_154 m3_asp a2 try0: invalid_schedule
2026-09-28T04:11:54.189638 [20260928T040850] M3 m3_154 m3_nl a2 try0: invalid_schedule
2026-09-28T04:14:54.680139 [20260928T040850] M3 m3_154 m3_asp a3 try0: timeout
2026-09-28T04:15:03.441856 [20260928T040850] M3 m3_154 m3_nl a3 try0: invalid_schedule
2026-09-28T04:15:15.600616 [20260928T040850] M3 m3_155 m3_nl a1 try0: invalid_schedule
2026-09-28T04:15:25.786256 [20260928T040850] M3 m3_155 m3_asp a1 try0: valid
2026-09-28T04:15:36.688861 [20260928T040850] M3 m3_155 m3_nl a2 try0: valid
2026-09-28T04:15:44.994591 [20260928T040850] M3 m3_156 m3_asp a1 try0: invalid_schedule
2026-09-28T04:16:02.938939 [20260928T040850] M3 m3_156 m3_nl a1 try0: invalid_schedule
2026-09-28T04:16:10.091636 [20260928T040850] M3 m3_156 m3_asp a2 try0: invalid_schedule
2026-09-28T04:16:25.760010 [20260928T040850] M3 m3_156 m3_nl a2 try0: invalid_schedule
2026-09-28T04:16:33.535260 [20260928T040850] M3 m3_156 m3_asp a3 try0: valid
2026-09-28T04:16:45.257545 [20260928T040850] M3 m3_156 m3_nl a3 try0: invalid_schedule
2026-09-28T04:16:57.460695 [20260928T040850] M3 m3_157 m3_nl a1 try0: invalid_schedule
2026-09-28T04:17:11.393476 [20260928T040850] M3 m3_157 m3_asp a1 try0: syntax_error
2026-09-28T04:17:26.187821 [20260928T040850] M3 m3_157 m3_nl a2 try0: invalid_schedule
2026-09-28T04:17:33.517962 [20260928T040850] M3 m3_157 m3_asp a2 try0: syntax_error
2026-09-28T04:17:47.714641 [20260928T041733] M3 m3_157 m3_nl a3 try0: invalid_schedule
2026-09-28T04:17:55.050732 [20260928T041733] M3 m3_157 m3_asp a3 try0: invalid_schedule
2026-09-28T04:18:09.965866 [20260928T041733] M3 m3_158 m3_nl a1 try0: invalid_schedule
2026-09-28T04:18:17.698612 [20260928T041733] M3 m3_158 m3_asp a1 try0: syntax_error
2026-09-28T04:18:32.043513 [20260928T041733] M3 m3_158 m3_nl a2 try0: invalid_schedule
2026-09-28T04:18:38.915620 [20260928T041733] M3 m3_158 m3_asp a2 try0: syntax_error
2026-09-28T04:18:53.179431 [20260928T041733] M3 m3_158 m3_nl a3 try0: invalid_schedule
2026-09-28T04:19:00.483678 [20260928T041733] M3 m3_158 m3_asp a3 try0: valid
2026-09-28T04:19:09.272148 [20260928T041733] M3 m3_159 m3_asp a1 try0: invalid_schedule
2026-09-28T04:19:21.755026 [20260928T041733] M3 m3_159 m3_nl a1 try0: invalid_schedule
2026-09-28T04:19:29.408368 [20260928T041733] M3 m3_159 m3_asp a2 try0: invalid_schedule
2026-09-28T04:19:40.248673 [20260928T041733] M3 m3_159 m3_nl a2 try0: invalid_schedule
2026-09-28T04:19:48.993910 [20260928T041733] M3 m3_159 m3_asp a3 try0: invalid_schedule
2026-09-28T04:19:59.156466 [20260928T041733] M3 m3_159 m3_nl a3 try0: invalid_schedule
2026-09-28T04:20:08.581723 [20260928T041733] M3 m3_160 m3_asp a1 try0: invalid_schedule
2026-09-28T04:20:21.683708 [20260928T041733] M3 m3_160 m3_nl a1 try0: invalid_schedule
2026-09-28T04:20:27.866959 [20260928T041733] M3 m3_160 m3_asp a2 try0: invalid_schedule
2026-09-28T04:20:41.368073 [20260928T041733] M3 m3_160 m3_nl a2 try0: invalid_schedule
2026-09-28T04:20:48.051494 [20260928T041733] M3 m3_160 m3_asp a3 try0: valid
2026-09-28T04:21:03.702867 [20260928T041733] M3 m3_160 m3_nl a3 try0: invalid_schedule
2026-09-28T04:21:11.220307 [20260928T041733] M3 m3_161 m3_asp a1 try0: syntax_error
2026-09-28T04:21:23.682265 [20260928T041733] M3 m3_161 m3_nl a1 try0: invalid_schedule
2026-09-28T04:21:30.420932 [20260928T041733] M3 m3_161 m3_asp a2 try0: invalid_schedule
2026-09-28T04:21:41.177675 [20260928T041733] M3 m3_161 m3_nl a2 try0: invalid_schedule
2026-09-28T04:21:47.284193 [20260928T041733] M3 m3_161 m3_asp a3 try0: invalid_schedule
2026-09-28T04:21:57.270519 [20260928T041733] M3 m3_161 m3_nl a3 try0: invalid_schedule
2026-09-28T04:22:11.028618 [20260928T041733] M3 m3_162 m3_nl a1 try0: invalid_schedule
2026-09-28T04:22:18.188530 [20260928T041733] M3 m3_162 m3_asp a1 try0: syntax_error
2026-09-28T04:22:29.322948 [20260928T041733] M3 m3_162 m3_nl a2 try0: invalid_schedule
2026-09-28T04:22:35.410502 [20260928T041733] M3 m3_162 m3_asp a2 try0: valid
2026-09-28T04:22:47.201765 [20260928T042235] M3 m3_162 m3_nl a3 try0: valid
2026-09-28T04:23:00.941310 [20260928T042235] M3 m3_163 m3_nl a1 try0: invalid_schedule
2026-09-28T04:23:08.524290 [20260928T042235] M3 m3_163 m3_asp a1 try0: valid
2026-09-28T04:23:19.682527 [20260928T042235] M3 m3_163 m3_nl a2 try0: invalid_schedule
2026-09-28T04:23:29.539941 [20260928T042235] M3 m3_163 m3_nl a3 try0: invalid_schedule
2026-09-28T04:23:37.775375 [20260928T042235] M3 m3_164 m3_asp a1 try0: valid
2026-09-28T04:23:53.023041 [20260928T042235] M3 m3_164 m3_nl a1 try0: invalid_schedule
2026-09-28T04:24:04.307223 [20260928T042235] M3 m3_164 m3_nl a2 try0: invalid_schedule
2026-09-28T04:24:14.370187 [20260928T042235] M3 m3_164 m3_nl a3 try0: invalid_schedule
2026-09-28T04:24:29.425325 [20260928T042235] M3 m3_165 m3_nl a1 try0: invalid_schedule
2026-09-28T04:24:36.202173 [20260928T042235] M3 m3_165 m3_asp a1 try0: valid
2026-09-28T04:24:46.963108 [20260928T042235] M3 m3_165 m3_nl a2 try0: invalid_schedule
2026-09-28T04:24:58.111614 [20260928T042235] M3 m3_165 m3_nl a3 try0: invalid_schedule
2026-09-28T04:25:08.407861 [20260928T042235] M3 m3_166 m3_asp a1 try0: syntax_error
2026-09-28T04:25:20.152505 [20260928T042235] M3 m3_166 m3_nl a1 try0: valid
2026-09-28T04:25:27.917361 [20260928T042235] M3 m3_166 m3_asp a2 try0: invalid_schedule
2026-09-28T04:25:33.488804 [20260928T042235] M3 m3_166 m3_asp a3 try0: invalid_schedule
2026-09-28T04:25:45.612877 [20260928T042235] M3 m3_167 m3_nl a1 try0: invalid_schedule
2026-09-28T04:25:53.402657 [20260928T042235] M3 m3_167 m3_asp a1 try0: syntax_error
2026-09-28T04:26:04.805919 [20260928T042235] M3 m3_167 m3_nl a2 try0: invalid_schedule
2026-09-28T04:26:11.474810 [20260928T042235] M3 m3_167 m3_asp a2 try0: valid
2026-09-28T04:26:24.730325 [20260928T042235] M3 m3_167 m3_nl a3 try0: invalid_schedule
2026-09-28T04:26:37.697713 [20260928T042235] M3 m3_168 m3_nl a1 try0: invalid_schedule
2026-09-28T04:26:44.839703 [20260928T042235] M3 m3_168 m3_asp a1 try0: syntax_error
2026-09-28T04:26:55.996777 [20260928T042235] M3 m3_168 m3_nl a2 try0: invalid_schedule
2026-09-28T04:27:03.607723 [20260928T042235] M3 m3_168 m3_asp a2 try0: invalid_schedule
2026-09-28T04:27:14.014749 [20260928T042235] M3 m3_168 m3_nl a3 try0: invalid_schedule
2026-09-28T04:27:21.843036 [20260928T042235] M3 m3_168 m3_asp a3 try0: invalid_schedule
2026-09-28T04:27:31.643294 [20260928T042235] M3 m3_169 m3_asp a1 try0: valid
2026-09-28T04:27:45.172608 [20260928T042235] M3 m3_169 m3_nl a1 try0: invalid_schedule
2026-09-28T04:28:00.798543 [20260928T042745] M3 m3_169 m3_nl a2 try0: invalid_schedule
2026-09-28T04:28:14.417672 [20260928T042745] M3 m3_169 m3_nl a3 try0: invalid_schedule
2026-09-28T04:28:28.803754 [20260928T042745] M3 m3_170 m3_nl a1 try0: invalid_schedule
2026-09-28T04:28:37.025866 [20260928T042745] M3 m3_170 m3_asp a1 try0: invalid_schedule
2026-09-28T04:28:51.745592 [20260928T042745] M3 m3_170 m3_nl a2 try0: invalid_schedule
2026-09-28T04:28:59.431164 [20260928T042745] M3 m3_170 m3_asp a2 try0: invalid_schedule
2026-09-28T04:29:12.659729 [20260928T042745] M3 m3_170 m3_nl a3 try0: invalid_schedule
2026-09-28T04:29:19.175891 [20260928T042745] M3 m3_170 m3_asp a3 try0: invalid_schedule
2026-09-28T04:29:26.601128 [20260928T042745] M3 m3_171 m3_asp a1 try0: valid
2026-09-28T04:29:41.487156 [20260928T042745] M3 m3_171 m3_nl a1 try0: invalid_schedule
2026-09-28T04:29:52.791647 [20260928T042745] M3 m3_171 m3_nl a2 try0: invalid_schedule
2026-09-28T04:30:05.332559 [20260928T042745] M3 m3_171 m3_nl a3 try0: invalid_schedule
2026-09-28T04:30:12.670747 [20260928T042745] M3 m3_172 m3_asp a1 try0: syntax_error
2026-09-28T04:30:23.868929 [20260928T042745] M3 m3_172 m3_nl a1 try0: invalid_schedule
2026-09-28T04:30:30.692763 [20260928T042745] M3 m3_172 m3_asp a2 try0: valid
2026-09-28T04:30:39.555888 [20260928T042745] M3 m3_172 m3_nl a2 try0: valid
2026-09-28T04:30:51.555524 [20260928T042745] M3 m3_173 m3_nl a1 try0: invalid_schedule
2026-09-28T04:30:59.708343 [20260928T042745] M3 m3_173 m3_asp a1 try0: invalid_schedule
2026-09-28T04:31:11.924354 [20260928T042745] M3 m3_173 m3_nl a2 try0: invalid_schedule
2026-09-28T04:31:18.936336 [20260928T042745] M3 m3_173 m3_asp a2 try0: invalid_schedule
2026-09-28T04:31:29.336518 [20260928T042745] M3 m3_173 m3_nl a3 try0: invalid_schedule
2026-09-28T04:31:35.416692 [20260928T042745] M3 m3_173 m3_asp a3 try0: invalid_schedule
2026-09-28T04:31:42.305706 [20260928T042745] M3 m3_174 m3_asp a1 try0: valid
2026-09-28T04:31:53.108507 [20260928T042745] M3 m3_174 m3_nl a1 try0: invalid_schedule
2026-09-28T04:32:05.608420 [20260928T042745] M3 m3_174 m3_nl a2 try0: invalid_schedule
2026-09-28T04:32:17.345475 [20260928T042745] M3 m3_174 m3_nl a3 try0: invalid_schedule
2026-09-28T04:32:23.975877 [20260928T042745] M3 m3_175 m3_asp a1 try0: invalid_schedule
2026-09-28T04:32:35.716948 [20260928T042745] M3 m3_175 m3_nl a1 try0: invalid_schedule
2026-09-28T04:32:45.072782 [20260928T042745] M3 m3_175 m3_asp a2 try0: valid
2026-09-28T04:32:56.124111 [20260928T042745] M3 m3_175 m3_nl a2 try0: invalid_schedule
2026-09-28T04:33:09.968011 [20260928T043256] M3 m3_175 m3_nl a3 try0: invalid_schedule
2026-09-28T04:33:23.889056 [20260928T043256] M3 m3_176 m3_nl a1 try0: invalid_schedule
2026-09-28T04:33:31.369020 [20260928T043256] M3 m3_176 m3_asp a1 try0: invalid_schedule
2026-09-28T04:33:47.952888 [20260928T043256] M3 m3_176 m3_nl a2 try0: invalid_schedule
2026-09-28T04:33:54.765534 [20260928T043256] M3 m3_176 m3_asp a2 try0: valid
2026-09-28T04:34:04.794193 [20260928T043256] M3 m3_176 m3_nl a3 try0: invalid_schedule
2026-09-28T04:34:12.951925 [20260928T043256] M3 m3_177 m3_asp a1 try0: syntax_error
2026-09-28T04:34:24.137173 [20260928T043256] M3 m3_177 m3_nl a1 try0: invalid_schedule
2026-09-28T04:34:31.294553 [20260928T043256] M3 m3_177 m3_asp a2 try0: syntax_error
2026-09-28T04:34:44.139524 [20260928T043256] M3 m3_177 m3_nl a2 try0: invalid_schedule
2026-09-28T04:34:52.498615 [20260928T043256] M3 m3_177 m3_asp a3 try0: syntax_error
2026-09-28T04:35:04.974639 [20260928T043256] M3 m3_177 m3_nl a3 try0: invalid_schedule
2026-09-28T04:35:12.841982 [20260928T043256] M3 m3_178 m3_asp a1 try0: invalid_schedule
2026-09-28T04:35:26.772783 [20260928T043256] M3 m3_178 m3_nl a1 try0: invalid_schedule
2026-09-28T04:35:32.973459 [20260928T043256] M3 m3_178 m3_asp a2 try0: invalid_schedule
2026-09-28T04:35:43.303589 [20260928T043256] M3 m3_178 m3_nl a2 try0: invalid_schedule
2026-09-28T04:35:49.515072 [20260928T043256] M3 m3_178 m3_asp a3 try0: invalid_schedule
2026-09-28T04:35:59.046645 [20260928T043256] M3 m3_178 m3_nl a3 try0: valid
2026-09-28T04:36:11.065492 [20260928T043256] M3 m3_179 m3_nl a1 try0: invalid_schedule
2026-09-28T04:36:18.901806 [20260928T043256] M3 m3_179 m3_asp a1 try0: valid
2026-09-28T04:36:28.235844 [20260928T043256] M3 m3_179 m3_nl a2 try0: valid
2026-09-28T04:36:37.414156 [20260928T043256] M3 m3_180 m3_asp a1 try0: valid
2026-09-28T04:36:57.523670 [20260928T043256] M3 m3_180 m3_nl a1 try0: invalid_schedule
2026-09-28T04:37:09.271170 [20260928T043256] M3 m3_180 m3_nl a2 try0: valid
2026-09-28T04:37:23.666138 [20260928T043256] M3 m3_181 m3_nl a1 try0: invalid_schedule
2026-09-28T04:37:30.640206 [20260928T043256] M3 m3_181 m3_asp a1 try0: valid
2026-09-28T04:37:44.627760 [20260928T043256] M3 m3_181 m3_nl a2 try0: invalid_schedule
2026-09-28T04:37:58.327638 [20260928T043256] M3 m3_181 m3_nl a3 try0: invalid_schedule
2026-09-28T04:38:10.384253 [20260928T043256] M3 m3_182 m3_asp a1 try0: invalid_schedule
2026-09-28T04:38:25.808806 [20260928T043256] M3 m3_182 m3_nl a1 try0: invalid_schedule
2026-09-28T04:38:37.653272 [20260928T043826] M3 m3_182 m3_asp a2 try0: invalid_schedule
2026-09-28T04:38:51.036591 [20260928T043826] M3 m3_182 m3_nl a2 try0: invalid_schedule
2026-09-28T04:39:04.082635 [20260928T043826] M3 m3_182 m3_asp a3 try0: invalid_schedule
2026-09-28T04:39:13.613000 [20260928T043826] M3 m3_182 m3_nl a3 try0: invalid_schedule
2026-09-28T04:39:26.880137 [20260928T043826] M3 m3_183 m3_nl a1 try0: invalid_schedule
2026-09-28T04:39:34.775922 [20260928T043826] M3 m3_183 m3_asp a1 try0: valid
2026-09-28T04:39:45.916008 [20260928T043826] M3 m3_183 m3_nl a2 try0: valid
2026-09-28T04:39:54.937650 [20260928T043826] M3 m3_184 m3_nl a1 try0: invalid_schedule
2026-09-28T04:40:04.316322 [20260928T043826] M3 m3_184 m3_asp a1 try0: invalid_schedule
2026-09-28T04:40:18.411807 [20260928T043826] M3 m3_184 m3_nl a2 try0: invalid_schedule
2026-09-28T04:40:25.619275 [20260928T043826] M3 m3_184 m3_asp a2 try0: valid
2026-09-28T04:40:40.058701 [20260928T043826] M3 m3_184 m3_nl a3 try0: invalid_schedule
2026-09-28T04:40:53.325266 [20260928T043826] M3 m3_185 m3_nl a1 try0: invalid_schedule
2026-09-28T04:41:00.076384 [20260928T043826] M3 m3_185 m3_asp a1 try0: valid
2026-09-28T04:41:13.735820 [20260928T043826] M3 m3_185 m3_nl a2 try0: invalid_schedule
2026-09-28T04:41:26.725078 [20260928T043826] M3 m3_185 m3_nl a3 try0: invalid_schedule
2026-09-28T04:41:42.750354 [20260928T043826] M3 m3_186 m3_nl a1 try0: invalid_schedule
2026-09-28T04:41:50.002704 [20260928T043826] M3 m3_186 m3_asp a1 try0: invalid_schedule
2026-09-28T04:42:03.848315 [20260928T043826] M3 m3_186 m3_nl a2 try0: invalid_schedule
2026-09-28T04:42:12.378318 [20260928T043826] M3 m3_186 m3_asp a2 try0: invalid_schedule
2026-09-28T04:42:26.388342 [20260928T043826] M3 m3_186 m3_nl a3 try0: invalid_schedule
2026-09-28T04:42:33.443297 [20260928T043826] M3 m3_186 m3_asp a3 try0: syntax_error
2026-09-28T04:42:41.776836 [20260928T043826] M3 m3_187 m3_asp a1 try0: syntax_error
2026-09-28T04:42:54.847127 [20260928T043826] M3 m3_187 m3_nl a1 try0: invalid_schedule
2026-09-28T04:43:00.797794 [20260928T043826] M3 m3_187 m3_asp a2 try0: valid
2026-09-28T04:43:14.677378 [20260928T043826] M3 m3_187 m3_nl a2 try0: invalid_schedule
2026-09-28T04:43:28.548294 [20260928T043826] M3 m3_187 m3_nl a3 try0: invalid_schedule
2026-09-28T04:43:43.326706 [20260928T043826] M3 m3_188 m3_nl a1 try0: invalid_schedule
2026-09-28T04:43:51.190015 [20260928T043826] M3 m3_188 m3_asp a1 try0: syntax_error
2026-09-28T04:44:06.444655 [20260928T043826] M3 m3_188 m3_nl a2 try0: invalid_schedule
2026-09-28T04:44:14.114458 [20260928T044407] M3 m3_188 m3_asp a2 try0: valid
2026-09-28T04:44:25.532816 [20260928T044407] M3 m3_188 m3_nl a3 try0: invalid_schedule
2026-09-28T04:44:37.929133 [20260928T044407] M3 m3_189 m3_nl a1 try0: invalid_schedule
2026-09-28T04:44:46.710558 [20260928T044407] M3 m3_189 m3_asp a1 try0: invalid_schedule
2026-09-28T04:44:57.666792 [20260928T044407] M3 m3_189 m3_nl a2 try0: invalid_schedule
2026-09-28T04:45:04.114100 [20260928T044407] M3 m3_189 m3_asp a2 try0: invalid_schedule
2026-09-28T04:45:14.293948 [20260928T044407] M3 m3_189 m3_nl a3 try0: invalid_schedule
2026-09-28T04:45:22.991005 [20260928T044407] M3 m3_189 m3_asp a3 try0: invalid_schedule
2026-09-28T04:45:37.105718 [20260928T044407] M3 m3_190 m3_nl a1 try0: invalid_schedule
2026-09-28T04:45:44.102551 [20260928T044407] M3 m3_190 m3_asp a1 try0: invalid_schedule
2026-09-28T04:45:54.520542 [20260928T044407] M3 m3_190 m3_nl a2 try0: invalid_schedule
2026-09-28T04:46:01.589440 [20260928T044407] M3 m3_190 m3_asp a2 try0: invalid_schedule
2026-09-28T04:46:14.562819 [20260928T044407] M3 m3_190 m3_nl a3 try0: invalid_schedule
2026-09-28T04:46:21.523477 [20260928T044407] M3 m3_190 m3_asp a3 try0: valid
2026-09-28T04:46:34.149486 [20260928T044407] M3 m3_191 m3_nl a1 try0: invalid_schedule
2026-09-28T04:46:42.618937 [20260928T044407] M3 m3_191 m3_asp a1 try0: invalid_schedule
2026-09-28T04:46:55.061598 [20260928T044407] M3 m3_191 m3_nl a2 try0: invalid_schedule
2026-09-28T04:47:03.723066 [20260928T044407] M3 m3_191 m3_asp a2 try0: invalid_schedule
2026-09-28T04:47:17.708945 [20260928T044407] M3 m3_191 m3_nl a3 try0: invalid_schedule
2026-09-28T04:47:24.369174 [20260928T044407] M3 m3_191 m3_asp a3 try0: valid
2026-09-28T04:47:35.933890 [20260928T044407] M3 m3_192 m3_nl a1 try0: invalid_schedule
2026-09-28T04:47:45.034498 [20260928T044407] M3 m3_192 m3_asp a1 try0: valid
2026-09-28T04:47:58.806049 [20260928T044407] M3 m3_192 m3_nl a2 try0: invalid_schedule
2026-09-28T04:48:10.403459 [20260928T044407] M3 m3_192 m3_nl a3 try0: invalid_schedule
2026-09-28T04:48:17.619617 [20260928T044407] M3 m3_193 m3_asp a1 try0: syntax_error
2026-09-28T04:48:31.511002 [20260928T044407] M3 m3_193 m3_nl a1 try0: invalid_schedule
2026-09-28T04:48:40.938721 [20260928T044407] M3 m3_193 m3_asp a2 try0: valid
2026-09-28T04:48:52.614501 [20260928T044407] M3 m3_193 m3_nl a2 try0: invalid_schedule
2026-09-28T04:49:04.998892 [20260928T044407] M3 m3_193 m3_nl a3 try0: invalid_schedule
2026-09-28T04:49:12.962665 [20260928T044407] M3 m3_194 m3_asp a1 try0: valid
2026-09-28T04:49:25.919806 [20260928T044913] M3 m3_194 m3_nl a1 try0: invalid_schedule
2026-09-28T04:49:34.802987 [20260928T044913] M3 m3_194 m3_nl a2 try0: invalid_schedule
2026-09-28T04:49:45.554868 [20260928T044913] M3 m3_194 m3_nl a3 try0: invalid_schedule
2026-09-28T04:50:00.953303 [20260928T044913] M3 m3_195 m3_nl a1 try0: invalid_schedule
2026-09-28T04:50:08.039160 [20260928T044913] M3 m3_195 m3_asp a1 try0: valid
2026-09-28T04:50:18.810558 [20260928T044913] M3 m3_195 m3_nl a2 try0: invalid_schedule
2026-09-28T04:50:26.671988 [20260928T044913] M3 m3_195 m3_nl a3 try0: invalid_schedule
2026-09-28T04:50:40.730057 [20260928T044913] M3 m3_196 m3_nl a1 try0: valid
2026-09-28T04:50:48.010002 [20260928T044913] M3 m3_196 m3_asp a1 try0: valid
2026-09-28T04:50:59.192103 [20260928T044913] M3 m3_197 m3_nl a1 try0: invalid_schedule
2026-09-28T04:51:06.236754 [20260928T044913] M3 m3_197 m3_asp a1 try0: invalid_schedule
2026-09-28T04:51:18.068941 [20260928T044913] M3 m3_197 m3_nl a2 try0: invalid_schedule
2026-09-28T04:51:29.595225 [20260928T044913] M3 m3_197 m3_asp a2 try0: invalid_schedule
2026-09-28T04:51:39.442072 [20260928T044913] M3 m3_197 m3_nl a3 try0: invalid_schedule
2026-09-28T04:51:45.660460 [20260928T044913] M3 m3_197 m3_asp a3 try0: valid
2026-09-28T04:51:56.093616 [20260928T044913] M3 m3_198 m3_nl a1 try0: invalid_schedule
2026-09-28T04:52:03.385561 [20260928T044913] M3 m3_198 m3_asp a1 try0: valid
2026-09-28T04:52:15.888376 [20260928T044913] M3 m3_198 m3_nl a2 try0: invalid_schedule
2026-09-28T04:52:26.752663 [20260928T044913] M3 m3_198 m3_nl a3 try0: invalid_schedule
2026-09-28T04:52:40.840560 [20260928T044913] M3 m3_199 m3_nl a1 try0: invalid_schedule
2026-09-28T04:52:47.931463 [20260928T044913] M3 m3_199 m3_asp a1 try0: valid
2026-09-28T04:52:59.018043 [20260928T044913] M3 m3_199 m3_nl a2 try0: invalid_schedule
2026-09-28T04:53:08.897967 [20260928T044913] M3 m3_199 m3_nl a3 try0: invalid_schedule
2026-09-28T04:53:09.504486 [20260928T044913] M3: all 200 instances finished in both arms (point [16, 4, 16])
