2026-09-25T07:11:02.649300 [20260925T071048] M2 m2_000 m2_nl try0: invalid_path
2026-09-25T07:11:14.441466 [20260925T071048] M2 m2_000 m2_exec try0: valid
2026-09-25T07:11:28.069457 [20260925T071048] M2 m2_000 m2_mental try0: invalid_path
2026-09-25T07:11:35.132818 [20260925T071048] M2 m2_001 m2_exec try0: valid
2026-09-25T07:11:49.244268 [20260925T071048] M2 m2_001 m2_nl try0: invalid_path
2026-09-25T07:12:04.253957 [20260925T071048] M2 m2_001 m2_mental try0: invalid_path
2026-09-25T07:12:13.449913 [20260925T071048] M2 m2_002 m2_nl try0: invalid_path
2026-09-25T07:12:24.535627 [20260925T071048] M2 m2_002 m2_exec try0: valid
2026-09-25T07:12:33.688222 [20260925T071048] M2 m2_002 m2_mental try0: invalid_path
2026-09-25T07:12:45.034235 [20260925T071048] M2 m2_003 m2_nl try0: invalid_path
2026-09-25T07:12:57.799655 [20260925T071048] M2 m2_003 m2_mental try0: invalid_path
2026-09-25T07:13:05.178526 [20260925T071048] M2 m2_003 m2_exec try0: valid
2026-09-25T07:13:15.076273 [20260925T071048] M2 m2_004 m2_nl try0: invalid_path
2026-09-25T07:13:30.681074 [20260925T071048] M2 m2_004 m2_mental try0: invalid_path
2026-09-25T07:13:40.864272 [20260925T071048] M2 m2_004 m2_exec try0: valid
2026-09-25T07:13:50.701409 [20260925T071048] M2 m2_005 m2_exec try0: exec_error
2026-09-25T07:14:03.747703 [20260925T071048] M2 m2_005 m2_mental try0: invalid_path
2026-09-25T07:14:14.879631 [20260925T071048] M2 m2_005 m2_nl try0: invalid_path
2026-09-25T07:14:28.992545 [20260925T071048] M2 m2_006 m2_mental try0: invalid_path
2026-09-25T07:14:37.320850 [20260925T071048] M2 m2_006 m2_nl try0: invalid_path
2026-09-25T07:14:48.491804 [20260925T071437] M2 m2_006 m2_exec try0: valid
2026-09-25T07:15:00.454639 [20260925T071437] M2 m2_007 m2_nl try0: invalid_path
2026-09-25T07:15:14.080773 [20260925T071437] M2 m2_007 m2_mental try0: invalid_path
2026-09-25T07:15:22.378163 [20260925T071437] M2 m2_007 m2_exec try0: valid
2026-09-25T07:15:33.664678 [20260925T071437] M2 m2_008 m2_exec try0: valid
2026-09-25T07:15:44.219196 [20260925T071437] M2 m2_008 m2_mental try0: invalid_path
2026-09-25T07:15:51.529591 [20260925T071437] M2 m2_008 m2_nl try0: invalid_path
2026-09-25T07:16:02.507094 [20260925T071437] M2 m2_009 m2_mental try0: invalid_path
2026-09-25T07:16:12.852893 [20260925T071437] M2 m2_009 m2_nl try0: invalid_path
2026-09-25T07:16:21.654274 [20260925T071437] M2 m2_009 m2_exec try0: valid
2026-09-25T07:16:28.672339 [20260925T071437] M2 m2_010 m2_nl try0: invalid_path
2026-09-25T07:16:42.274069 [20260925T071437] M2 m2_010 m2_mental try0: invalid_path
2026-09-25T07:16:57.250472 [20260925T071437] M2 m2_010 m2_exec try0: valid
2026-09-25T07:17:13.958904 [20260925T071437] M2 m2_011 m2_nl try0: invalid_path
2026-09-25T07:17:22.208362 [20260925T071437] M2 m2_011 m2_exec try0: valid
2026-09-25T07:17:32.798676 [20260925T071437] M2 m2_011 m2_mental try0: invalid_path
2026-09-25T07:17:49.397609 [20260925T071437] M2 m2_012 m2_mental try0: invalid_path
2026-09-25T07:18:00.217081 [20260925T071437] M2 m2_012 m2_exec try0: valid
2026-09-25T07:18:10.384082 [20260925T071437] M2 m2_012 m2_nl try0: invalid_path
2026-09-25T07:18:23.901195 [20260925T071437] M2 m2_013 m2_mental try0: invalid_path
2026-09-25T07:18:31.188006 [20260925T071824] M2 m2_013 m2_nl try0: invalid_path
2026-09-25T07:18:39.118951 [20260925T071824] M2 m2_013 m2_exec try0: valid
2026-09-25T07:18:47.578831 [20260925T071824] M2 m2_014 m2_nl try0: invalid_path
2026-09-25T07:18:57.705589 [20260925T071824] M2 m2_014 m2_mental try0: invalid_path
2026-09-25T07:19:05.565757 [20260925T071824] M2 m2_014 m2_exec try0: valid
2026-09-25T07:19:12.737456 [20260925T071824] M2 m2_015 m2_nl try0: invalid_path
2026-09-25T07:19:19.742174 [20260925T071824] M2 m2_015 m2_exec try0: valid
2026-09-25T07:19:33.418662 [20260925T071824] M2 m2_015 m2_mental try0: invalid_path
2026-09-25T07:19:46.135171 [20260925T071824] M2 m2_016 m2_mental try0: invalid_path
2026-09-25T07:19:56.800225 [20260925T071824] M2 m2_016 m2_exec try0: valid
2026-09-25T07:20:06.891987 [20260925T071824] M2 m2_016 m2_nl try0: invalid_path
2026-09-25T07:20:17.245837 [20260925T071824] M2 m2_017 m2_mental try0: invalid_path
2026-09-25T07:20:27.542578 [20260925T071824] M2 m2_017 m2_exec try0: valid
2026-09-25T07:20:36.077301 [20260925T071824] M2 m2_017 m2_nl try0: invalid_path
2026-09-25T07:20:43.541453 [20260925T071824] M2 m2_018 m2_exec try0: valid
2026-09-25T07:20:51.777168 [20260925T071824] M2 m2_018 m2_nl try0: invalid_path
2026-09-25T07:21:06.860687 [20260925T071824] M2 m2_018 m2_mental try0: invalid_path
2026-09-25T07:21:21.254903 [20260925T071824] M2 m2_019 m2_mental try0: invalid_path
2026-09-25T07:21:32.817765 [20260925T071824] M2 m2_019 m2_exec try0: valid
2026-09-25T07:21:43.838542 [20260925T071824] M2 m2_019 m2_nl try0: invalid_path
2026-09-25T07:21:43.839245 [20260925T071824] M2: all 20 instances done in all three arms
