2026-09-25T03:05:26.978731 [20260925T030517] calibration g0k0 shared a1 try0: valid
2026-09-25T03:05:32.745575 [20260925T030517] calibration g0k1 shared a1 try0: invalid_schedule
2026-09-25T03:05:38.790552 [20260925T030517] calibration g0k2 shared a1 try0: invalid_schedule
2026-09-25T03:05:45.000836 [20260925T030517] calibration g0k3 shared a1 try0: unsat
2026-09-25T03:05:51.353943 [20260925T030517] calibration g1k0 shared a1 try0: valid
2026-09-25T03:05:58.473495 [20260925T030517] calibration g1k1 shared a1 try0: valid
2026-09-25T03:06:05.991127 [20260925T030517] calibration g1k2 shared a1 try0: invalid_schedule
2026-09-25T03:06:13.991134 [20260925T030517] calibration g1k3 shared a1 try0: valid
2026-09-25T03:06:21.314620 [20260925T030517] calibration g2k0 shared a1 try0: valid
2026-09-25T03:06:27.643854 [20260925T030517] calibration g2k1 shared a1 try0: syntax_error
2026-09-25T03:06:35.874070 [20260925T030627] calibration g2k2 shared a1 try0: invalid_schedule
2026-09-25T03:06:42.212487 [20260925T030627] calibration g2k3 shared a1 try0: syntax_error
2026-09-25T03:06:50.399124 [20260925T030627] calibration g3k0 shared a1 try0: valid
2026-09-25T03:06:57.228817 [20260925T030627] calibration g3k1 shared a1 try0: valid
2026-09-25T03:07:04.392375 [20260925T030627] calibration g3k2 shared a1 try0: valid
2026-09-25T03:07:11.858957 [20260925T030627] calibration g3k3 shared a1 try0: valid
2026-09-25T03:07:19.249302 [20260925T030627] calibration g4k0 shared a1 try0: syntax_error
2026-09-25T03:07:27.850915 [20260925T030627] calibration g4k1 shared a1 try0: valid
2026-09-25T03:07:33.681010 [20260925T030627] calibration g4k2 shared a1 try0: invalid_schedule
2026-09-25T03:07:42.881020 [20260925T030627] calibration g4k3 shared a1 try0: invalid_schedule
2026-09-25T03:07:42.882872 [20260925T030627] calibration complete: chosen grid point [18, 5, 18] (eligible-failure rate 0.50)
2026-09-25T03:07:55.867244 [20260925T030743] instances written: 96 main at [18, 5, 18], 45 M4 at [18, 5, 18]
2026-09-25T03:08:06.767189 [20260925T030756] pilot a000 shared a1 try0: valid
2026-09-25T03:08:14.304110 [20260925T030756] pilot a001 shared a1 try0: valid
2026-09-25T03:08:20.603322 [20260925T030756] pilot a002 shared a1 try0: valid
2026-09-25T03:08:29.675552 [20260925T030756] pilot a003 shared a1 try0: valid
2026-09-25T03:08:37.975722 [20260925T030756] pilot a004 shared a1 try0: syntax_error
2026-09-25T03:08:45.775184 [20260925T030756] pilot a005 shared a1 try0: valid
2026-09-25T03:08:45.779682 [20260925T030756] pilot: instance list exhausted; gates passed; full-run timeout 180s
2026-09-25T03:08:53.394586 [20260925T030845] M1 a006 shared a1 try0: valid
2026-09-25T03:09:01.474632 [20260925T030845] M1 a007 shared a1 try0: invalid_schedule
2026-09-25T03:09:06.396241 [20260925T030845] M1 a007 binary a2 try0: invalid_schedule
2026-09-25T03:09:13.459664 [20260925T030845] M1 a007 diagnostic a2 try0: invalid_schedule
2026-09-25T03:09:18.577835 [20260925T030845] M1 a007 binary a3 try0: invalid_schedule
2026-09-25T03:09:25.605250 [20260925T030845] M1 a007 diagnostic a3 try0: invalid_schedule
2026-09-25T03:09:33.644033 [20260925T030845] M1 a008 shared a1 try0: valid
2026-09-25T03:09:40.335182 [20260925T030845] M1 a009 shared a1 try0: syntax_error
2026-09-25T03:09:46.694633 [20260925T030845] M1 a010 shared a1 try0: invalid_schedule
2026-09-25T03:09:54.002102 [20260925T030845] M1 a010 diagnostic a2 try0: invalid_schedule
2026-09-25T03:10:00.868960 [20260925T030845] M1 a010 binary a2 try0: invalid_schedule
2026-09-25T03:10:06.362654 [20260925T030845] M1 a010 diagnostic a3 try0: valid
2026-09-25T03:10:11.399482 [20260925T030845] M1 a010 binary a3 try0: invalid_schedule
2026-09-25T03:10:17.634534 [20260925T030845] M1 a011 shared a1 try0: valid
2026-09-25T03:10:26.101642 [20260925T030845] M1 a012 shared a1 try0: syntax_error
2026-09-25T03:10:32.118578 [20260925T030845] M1 a013 shared a1 try0: syntax_error
2026-09-25T03:10:40.002293 [20260925T030845] M1 a014 shared a1 try0: syntax_error
2026-09-25T03:10:45.952519 [20260925T030845] M1 a015 shared a1 try0: valid
2026-09-25T03:10:53.690174 [20260925T030845] M1 a016 shared a1 try0: syntax_error
2026-09-25T03:11:01.203384 [20260925T030845] M1 a017 shared a1 try0: valid
2026-09-25T03:11:09.815335 [20260925T031101] M1 a018 shared a1 try0: valid
2026-09-25T03:11:18.571096 [20260925T031101] M1 a019 shared a1 try0: invalid_schedule
2026-09-25T03:11:25.339266 [20260925T031101] M1 a019 diagnostic a2 try0: valid
2026-09-25T03:11:33.218647 [20260925T031101] M1 a019 binary a2 try0: invalid_schedule
2026-09-25T03:11:38.587538 [20260925T031101] M1 a019 binary a3 try0: invalid_schedule
2026-09-25T03:11:46.715801 [20260925T031101] M1 a020 shared a1 try0: invalid_schedule
2026-09-25T03:11:53.226858 [20260925T031101] M1 a020 binary a2 try0: invalid_schedule
2026-09-25T03:11:58.181716 [20260925T031101] M1 a020 diagnostic a2 try0: invalid_schedule
2026-09-25T03:12:04.719316 [20260925T031101] M1 a020 binary a3 try0: invalid_schedule
2026-09-25T03:12:09.688528 [20260925T031101] M1 a020 diagnostic a3 try0: invalid_schedule
2026-09-25T03:12:17.799169 [20260925T031101] M1 a021 shared a1 try0: valid
2026-09-25T03:12:25.686801 [20260925T031101] M1 a022 shared a1 try0: valid
2026-09-25T03:12:32.012573 [20260925T031101] M1 a023 shared a1 try0: valid
2026-09-25T03:12:38.594181 [20260925T031101] M1 a024 shared a1 try0: syntax_error
2026-09-25T03:12:46.547343 [20260925T031101] M1 a025 shared a1 try0: valid
2026-09-25T03:12:53.531507 [20260925T031101] M1 a026 shared a1 try0: invalid_schedule
2026-09-25T03:12:59.034337 [20260925T031101] M1 a026 diagnostic a2 try0: invalid_schedule
2026-09-25T03:13:06.124049 [20260925T031101] M1 a026 binary a2 try0: invalid_schedule
2026-09-25T03:13:13.499238 [20260925T031101] M1 a026 diagnostic a3 try0: invalid_schedule
2026-09-25T03:13:25.426143 [20260925T031101] M1 a026 binary a3 try0: valid
2026-09-25T03:13:32.952828 [20260925T031325] M1 a027 shared a1 try0: valid
2026-09-25T03:13:40.246712 [20260925T031325] M1 a028 shared a1 try0: valid
2026-09-25T03:13:47.474681 [20260925T031325] M1 a029 shared a1 try0: valid
2026-09-25T03:13:54.516661 [20260925T031325] M1 a030 shared a1 try0: valid
2026-09-25T03:14:02.990884 [20260925T031325] M1 a031 shared a1 try0: invalid_schedule
2026-09-25T03:14:08.170578 [20260925T031325] M1 a031 diagnostic a2 try0: invalid_schedule
2026-09-25T03:14:14.962440 [20260925T031325] M1 a031 binary a2 try0: invalid_schedule
2026-09-25T03:14:21.895485 [20260925T031325] M1 a031 diagnostic a3 try0: invalid_schedule
2026-09-25T03:14:27.690871 [20260925T031325] M1 a031 binary a3 try0: invalid_schedule
2026-09-25T03:14:34.335512 [20260925T031325] M1 a032 shared a1 try0: invalid_schedule
2026-09-25T03:14:39.542452 [20260925T031325] M1 a032 binary a2 try0: valid
2026-09-25T03:14:46.883584 [20260925T031325] M1 a032 diagnostic a2 try0: valid
2026-09-25T03:14:54.753941 [20260925T031325] M1 a033 shared a1 try0: invalid_schedule
2026-09-25T03:15:01.326134 [20260925T031325] M1 a033 diagnostic a2 try0: valid
2026-09-25T03:15:08.426776 [20260925T031325] M1 a033 binary a2 try0: invalid_schedule
2026-09-25T03:15:13.812359 [20260925T031325] M1 a033 binary a3 try0: invalid_schedule
2026-09-25T03:15:21.103669 [20260925T031325] M1 a034 shared a1 try0: valid
2026-09-25T03:15:28.876794 [20260925T031325] M1 a035 shared a1 try0: invalid_schedule
2026-09-25T03:15:33.914262 [20260925T031325] M1 a035 diagnostic a2 try0: valid
2026-09-25T03:15:39.224456 [20260925T031325] M1 a035 binary a2 try0: invalid_schedule
2026-09-25T03:15:46.250274 [20260925T031539] M1 a035 binary a3 try0: invalid_schedule
2026-09-25T03:15:53.488489 [20260925T031539] M1 a036 shared a1 try0: syntax_error
2026-09-25T03:15:59.670736 [20260925T031539] M1 a037 shared a1 try0: invalid_schedule
2026-09-25T03:16:06.534535 [20260925T031539] M1 a037 binary a2 try0: invalid_schedule
2026-09-25T03:16:14.087893 [20260925T031539] M1 a037 diagnostic a2 try0: valid
2026-09-25T03:16:20.850496 [20260925T031539] M1 a037 binary a3 try0: invalid_schedule
2026-09-25T03:16:30.214142 [20260925T031539] M1 a038 shared a1 try0: valid
2026-09-25T03:16:37.923052 [20260925T031539] M1 a039 shared a1 try0: valid
2026-09-25T03:16:45.419690 [20260925T031539] M1 a040 shared a1 try0: valid
2026-09-25T03:16:53.262714 [20260925T031539] M1 a041 shared a1 try0: invalid_schedule
2026-09-25T03:16:59.833943 [20260925T031539] M1 a041 diagnostic a2 try0: syntax_error
2026-09-25T03:17:04.963673 [20260925T031539] M1 a041 binary a2 try0: invalid_schedule
2026-09-25T03:17:11.311698 [20260925T031539] M1 a041 diagnostic a3 try0: valid
2026-09-25T03:17:16.615599 [20260925T031539] M1 a041 binary a3 try0: valid
2026-09-25T03:17:23.449401 [20260925T031539] M1 a042 shared a1 try0: invalid_schedule
2026-09-25T03:17:28.430015 [20260925T031539] M1 a042 diagnostic a2 try0: syntax_error
2026-09-25T03:17:35.555683 [20260925T031539] M1 a042 binary a2 try0: invalid_schedule
2026-09-25T03:17:42.239982 [20260925T031539] M1 a042 diagnostic a3 try0: valid
2026-09-25T03:17:47.304721 [20260925T031539] M1 a042 binary a3 try0: invalid_schedule
2026-09-25T03:17:54.985795 [20260925T031539] M1 a043 shared a1 try0: valid
2026-09-25T03:18:03.486409 [20260925T031755] M1 a044 shared a1 try0: invalid_schedule
2026-09-25T03:18:11.122602 [20260925T031755] M1 a044 diagnostic a2 try0: invalid_schedule
2026-09-25T03:18:16.687266 [20260925T031755] M1 a044 binary a2 try0: invalid_schedule
2026-09-25T03:18:23.992572 [20260925T031755] M1 a044 diagnostic a3 try0: invalid_schedule
2026-09-25T03:18:31.323377 [20260925T031755] M1 a044 binary a3 try0: valid
2026-09-25T03:18:39.663567 [20260925T031755] M1 a045 shared a1 try0: syntax_error
2026-09-25T03:18:47.817466 [20260925T031755] M1 a046 shared a1 try0: invalid_schedule
2026-09-25T03:18:55.631872 [20260925T031755] M1 a046 diagnostic a2 try0: invalid_schedule
2026-09-25T03:19:02.409132 [20260925T031755] M1 a046 binary a2 try0: invalid_schedule
2026-09-25T03:19:08.582052 [20260925T031755] M1 a046 diagnostic a3 try0: invalid_schedule
2026-09-25T03:19:13.622706 [20260925T031755] M1 a046 binary a3 try0: invalid_schedule
2026-09-25T03:19:21.907751 [20260925T031755] M1 a047 shared a1 try0: valid
2026-09-25T03:19:31.012623 [20260925T031755] M1 a048 shared a1 try0: valid
2026-09-25T03:19:37.391049 [20260925T031755] M1 a049 shared a1 try0: valid
2026-09-25T03:19:44.638485 [20260925T031755] M1 a050 shared a1 try0: valid
2026-09-25T03:19:50.922541 [20260925T031755] M1 a051 shared a1 try0: syntax_error
2026-09-25T03:19:58.366957 [20260925T031755] M1 a052 shared a1 try0: valid
2026-09-25T03:20:04.669024 [20260925T031755] M1 a053 shared a1 try0: invalid_schedule
2026-09-25T03:20:11.407408 [20260925T031755] M1 a053 binary a2 try0: valid
2026-09-25T03:20:18.273285 [20260925T031755] M1 a053 diagnostic a2 try0: valid
2026-09-25T03:20:25.279483 [20260925T032018] M1 a054 shared a1 try0: syntax_error
2026-09-25T03:20:32.703931 [20260925T032018] M1 a055 shared a1 try0: syntax_error
2026-09-25T03:20:40.558536 [20260925T032018] M1 a056 shared a1 try0: invalid_schedule
2026-09-25T03:20:47.692632 [20260925T032018] M1 a056 binary a2 try0: invalid_schedule
2026-09-25T03:20:55.156327 [20260925T032018] M1 a056 diagnostic a2 try0: invalid_schedule
2026-09-25T03:21:02.278817 [20260925T032018] M1 a056 binary a3 try0: invalid_schedule
2026-09-25T03:21:10.066097 [20260925T032018] M1 a056 diagnostic a3 try0: invalid_schedule
2026-09-25T03:21:20.255429 [20260925T032018] M1 a057 shared a1 try0: invalid_schedule
2026-09-25T03:21:27.627691 [20260925T032018] M1 a057 binary a2 try0: invalid_schedule
2026-09-25T03:21:33.808044 [20260925T032018] M1 a057 diagnostic a2 try0: valid
2026-09-25T03:21:40.561110 [20260925T032018] M1 a057 binary a3 try0: invalid_schedule
2026-09-25T03:21:47.400797 [20260925T032018] M1 a058 shared a1 try0: invalid_schedule
2026-09-25T03:21:52.446421 [20260925T032018] M1 a058 diagnostic a2 try0: valid
2026-09-25T03:21:59.011366 [20260925T032018] M1 a058 binary a2 try0: valid
2026-09-25T03:22:06.101457 [20260925T032018] M1 a059 shared a1 try0: invalid_schedule
2026-09-25T03:22:12.533712 [20260925T032018] M1 a059 binary a2 try0: invalid_schedule
2026-09-25T03:22:17.455578 [20260925T032018] M1 a059 diagnostic a2 try0: valid
2026-09-25T03:22:22.738802 [20260925T032018] M1 a059 binary a3 try0: invalid_schedule
2026-09-25T03:22:28.486483 [20260925T032018] M1 a060 shared a1 try0: valid
2026-09-25T03:22:34.846508 [20260925T032018] M1 a061 shared a1 try0: unsat
2026-09-25T03:22:41.748903 [20260925T032234] M1 a061 binary a2 try0: valid
2026-09-25T03:22:49.013359 [20260925T032234] M1 a061 diagnostic a2 try0: valid
2026-09-25T03:22:56.573704 [20260925T032234] M1 a062 shared a1 try0: valid
2026-09-25T03:23:04.689585 [20260925T032234] M1 a063 shared a1 try0: invalid_schedule
2026-09-25T03:23:10.418726 [20260925T032234] M1 a063 diagnostic a2 try0: invalid_schedule
2026-09-25T03:23:17.371401 [20260925T032234] M1 a063 binary a2 try0: invalid_schedule
2026-09-25T03:23:24.513131 [20260925T032234] M1 a063 diagnostic a3 try0: invalid_schedule
2026-09-25T03:23:29.513209 [20260925T032234] M1 a063 binary a3 try0: invalid_schedule
2026-09-25T03:23:36.908649 [20260925T032234] M1 a064 shared a1 try0: syntax_error
2026-09-25T03:23:44.735311 [20260925T032234] M1 a065 shared a1 try0: invalid_schedule
2026-09-25T03:23:54.130174 [20260925T032234] M1 a065 binary a2 try0: invalid_schedule
2026-09-25T03:24:00.695971 [20260925T032234] M1 a065 diagnostic a2 try0: valid
2026-09-25T03:24:04.092918 [20260925T032234] M1 a065 binary a3 try0: api_error
2026-09-25T03:24:06.788965 [20260925T032234] M1 a065 binary a3 try1: api_error
